Archive member included to satisfy reference by file (symbol)

s:/gcc-arm-none-eabi/gcc-arm-none-eabi-10.3-2021.10/bin/../lib/gcc/arm-none-eabi/10.3.1/../../../../arm-none-eabi/lib/thumb/v7e-m/nofp\libstdc++.a(class_type_info.o)
                              CMakeFiles/STM32F303_fw.elf.dir/Users/Base/Button/button_stm32.cpp.obj (vtable for __cxxabiv1::__class_type_info)
s:/gcc-arm-none-eabi/gcc-arm-none-eabi-10.3-2021.10/bin/../lib/gcc/arm-none-eabi/10.3.1/../../../../arm-none-eabi/lib/thumb/v7e-m/nofp\libstdc++.a(del_ops.o)
                              s:/gcc-arm-none-eabi/gcc-arm-none-eabi-10.3-2021.10/bin/../lib/gcc/arm-none-eabi/10.3.1/../../../../arm-none-eabi/lib/thumb/v7e-m/nofp\libstdc++.a(class_type_info.o) (operator delete(void*, unsigned int))
s:/gcc-arm-none-eabi/gcc-arm-none-eabi-10.3-2021.10/bin/../lib/gcc/arm-none-eabi/10.3.1/../../../../arm-none-eabi/lib/thumb/v7e-m/nofp\libstdc++.a(pure.o)
                              CMakeFiles/STM32F303_fw.elf.dir/Users/selfmain.cpp.obj (__cxa_pure_virtual)
s:/gcc-arm-none-eabi/gcc-arm-none-eabi-10.3-2021.10/bin/../lib/gcc/arm-none-eabi/10.3.1/../../../../arm-none-eabi/lib/thumb/v7e-m/nofp\libstdc++.a(si_class_type_info.o)
                              CMakeFiles/STM32F303_fw.elf.dir/Users/Base/Button/button_stm32.cpp.obj (vtable for __cxxabiv1::__si_class_type_info)
s:/gcc-arm-none-eabi/gcc-arm-none-eabi-10.3-2021.10/bin/../lib/gcc/arm-none-eabi/10.3.1/../../../../arm-none-eabi/lib/thumb/v7e-m/nofp\libstdc++.a(tinfo.o)
                              s:/gcc-arm-none-eabi/gcc-arm-none-eabi-10.3-2021.10/bin/../lib/gcc/arm-none-eabi/10.3.1/../../../../arm-none-eabi/lib/thumb/v7e-m/nofp\libstdc++.a(class_type_info.o) (std::type_info::~type_info())
s:/gcc-arm-none-eabi/gcc-arm-none-eabi-10.3-2021.10/bin/../lib/gcc/arm-none-eabi/10.3.1/../../../../arm-none-eabi/lib/thumb/v7e-m/nofp\libstdc++.a(del_op.o)
                              s:/gcc-arm-none-eabi/gcc-arm-none-eabi-10.3-2021.10/bin/../lib/gcc/arm-none-eabi/10.3.1/../../../../arm-none-eabi/lib/thumb/v7e-m/nofp\libstdc++.a(del_ops.o) (operator delete(void*))
s:/gcc-arm-none-eabi/gcc-arm-none-eabi-10.3-2021.10/bin/../lib/gcc/arm-none-eabi/10.3.1/../../../../arm-none-eabi/lib/thumb/v7e-m/nofp\libstdc++.a(eh_terminate.o)
                              s:/gcc-arm-none-eabi/gcc-arm-none-eabi-10.3-2021.10/bin/../lib/gcc/arm-none-eabi/10.3.1/../../../../arm-none-eabi/lib/thumb/v7e-m/nofp\libstdc++.a(pure.o) (std::terminate())
s:/gcc-arm-none-eabi/gcc-arm-none-eabi-10.3-2021.10/bin/../lib/gcc/arm-none-eabi/10.3.1/../../../../arm-none-eabi/lib/thumb/v7e-m/nofp\libstdc++.a(eh_unex_handler.o)
                              s:/gcc-arm-none-eabi/gcc-arm-none-eabi-10.3-2021.10/bin/../lib/gcc/arm-none-eabi/10.3.1/../../../../arm-none-eabi/lib/thumb/v7e-m/nofp\libstdc++.a(eh_terminate.o) (__cxxabiv1::__unexpected_handler)
s:/gcc-arm-none-eabi/gcc-arm-none-eabi-10.3-2021.10/bin/../lib/gcc/arm-none-eabi/10.3.1/../../../../arm-none-eabi/lib/thumb/v7e-m/nofp\libstdc++.a(vterminate.o)
                              s:/gcc-arm-none-eabi/gcc-arm-none-eabi-10.3-2021.10/bin/../lib/gcc/arm-none-eabi/10.3.1/../../../../arm-none-eabi/lib/thumb/v7e-m/nofp\libstdc++.a(eh_terminate.o) (__gnu_cxx::__verbose_terminate_handler())
s:/gcc-arm-none-eabi/gcc-arm-none-eabi-10.3-2021.10/bin/../lib/gcc/arm-none-eabi/10.3.1/../../../../arm-none-eabi/lib/thumb/v7e-m/nofp\libstdc++.a(cp-demangle.o)
                              s:/gcc-arm-none-eabi/gcc-arm-none-eabi-10.3-2021.10/bin/../lib/gcc/arm-none-eabi/10.3.1/../../../../arm-none-eabi/lib/thumb/v7e-m/nofp\libstdc++.a(vterminate.o) (__cxa_demangle)
s:/gcc-arm-none-eabi/gcc-arm-none-eabi-10.3-2021.10/bin/../lib/gcc/arm-none-eabi/10.3.1/../../../../arm-none-eabi/lib/thumb/v7e-m/nofp\libstdc++.a(eh_arm.o)
                              s:/gcc-arm-none-eabi/gcc-arm-none-eabi-10.3-2021.10/bin/../lib/gcc/arm-none-eabi/10.3.1/../../../../arm-none-eabi/lib/thumb/v7e-m/nofp\libstdc++.a(eh_terminate.o) (__cxa_end_cleanup)
s:/gcc-arm-none-eabi/gcc-arm-none-eabi-10.3-2021.10/bin/../lib/gcc/arm-none-eabi/10.3.1/../../../../arm-none-eabi/lib/thumb/v7e-m/nofp\libstdc++.a(eh_call.o)
                              s:/gcc-arm-none-eabi/gcc-arm-none-eabi-10.3-2021.10/bin/../lib/gcc/arm-none-eabi/10.3.1/../../../../arm-none-eabi/lib/thumb/v7e-m/nofp\libstdc++.a(eh_terminate.o) (__cxa_call_unexpected)
s:/gcc-arm-none-eabi/gcc-arm-none-eabi-10.3-2021.10/bin/../lib/gcc/arm-none-eabi/10.3.1/../../../../arm-none-eabi/lib/thumb/v7e-m/nofp\libstdc++.a(eh_catch.o)
                              s:/gcc-arm-none-eabi/gcc-arm-none-eabi-10.3-2021.10/bin/../lib/gcc/arm-none-eabi/10.3.1/../../../../arm-none-eabi/lib/thumb/v7e-m/nofp\libstdc++.a(eh_terminate.o) (__cxa_begin_catch)
s:/gcc-arm-none-eabi/gcc-arm-none-eabi-10.3-2021.10/bin/../lib/gcc/arm-none-eabi/10.3.1/../../../../arm-none-eabi/lib/thumb/v7e-m/nofp\libstdc++.a(eh_exception.o)
[...]
Memory Configuration

Name             Origin             Length             Attributes
CCMRAM           0x10000000         0x00002000         xrw
RAM              0x20000000         0x0000a000         xrw
FLASH            0x08000000         0x00040000         xr
*default*        0x00000000         0xffffffff

Linker script and memory map

LOAD s:/gcc-arm-none-eabi/gcc-arm-none-eabi-10.3-2021.10/bin/../lib/gcc/arm-none-eabi/10.3.1/thumb/v7e-m/nofp/crti.o
LOAD s:/gcc-arm-none-eabi/gcc-arm-none-eabi-10.3-2021.10/bin/../lib/gcc/arm-none-eabi/10.3.1/thumb/v7e-m/nofp/crtbegin.o
LOAD s:/gcc-arm-none-eabi/gcc-arm-none-eabi-10.3-2021.10/bin/../lib/gcc/arm-none-eabi/10.3.1/../../../../arm-none-eabi/lib/thumb/v7e-m/nofp/crt0.o
LOAD CMakeFiles/STM32F303_fw.elf.dir/Core/Src/can.c.obj
LOAD CMakeFiles/STM32F303_fw.elf.dir/Core/Src/dac.c.obj
LOAD CMakeFiles/STM32F303_fw.elf.dir/Core/Src/gpio.c.obj
LOAD CMakeFiles/STM32F303_fw.elf.dir/Core/Src/main.c.obj
LOAD CMakeFiles/STM32F303_fw.elf.dir/Core/Src/spi.c.obj
LOAD CMakeFiles/STM32F303_fw.elf.dir/Core/Src/stm32f3xx_hal_msp.c.obj
LOAD CMakeFiles/STM32F303_fw.elf.dir/Core/Src/stm32f3xx_it.c.obj
LOAD CMakeFiles/STM32F303_fw.elf.dir/Core/Src/syscalls.c.obj
LOAD CMakeFiles/STM32F303_fw.elf.dir/Core/Src/sysmem.c.obj
LOAD CMakeFiles/STM32F303_fw.elf.dir/Core/Src/system_stm32f3xx.c.obj
LOAD CMakeFiles/STM32F303_fw.elf.dir/Core/Src/tim.c.obj
LOAD CMakeFiles/STM32F303_fw.elf.dir/Core/Startup/startup_stm32f303cctx.s.obj
LOAD CMakeFiles/STM32F303_fw.elf.dir/Drivers/STM32F3xx_HAL_Driver/Src/stm32f3xx_hal.c.obj
LOAD CMakeFiles/STM32F303_fw.elf.dir/Drivers/STM32F3xx_HAL_Driver/Src/stm32f3xx_hal_can.c.obj
LOAD CMakeFiles/STM32F303_fw.elf.dir/Drivers/STM32F3xx_HAL_Driver/Src/stm32f3xx_hal_cortex.c.obj
LOAD CMakeFiles/STM32F303_fw.elf.dir/Drivers/STM32F3xx_HAL_Driver/Src/stm32f3xx_hal_dac.c.obj
LOAD CMakeFiles/STM32F303_fw.elf.dir/Drivers/STM32F3xx_HAL_Driver/Src/stm32f3xx_hal_dac_ex.c.obj
LOAD CMakeFiles/STM32F303_fw.elf.dir/Drivers/STM32F3xx_HAL_Driver/Src/stm32f3xx_hal_dma.c.obj
LOAD CMakeFiles/STM32F303_fw.elf.dir/Drivers/STM32F3xx_HAL_Driver/Src/stm32f3xx_hal_exti.c.obj
LOAD CMakeFiles/STM32F303_fw.elf.dir/Drivers/STM32F3xx_HAL_Driver/Src/stm32f3xx_hal_flash.c.obj
LOAD CMakeFiles/STM32F303_fw.elf.dir/Drivers/STM32F3xx_HAL_Driver/Src/stm32f3xx_hal_flash_ex.c.obj
LOAD CMakeFiles/STM32F303_fw.elf.dir/Drivers/STM32F3xx_HAL_Driver/Src/stm32f3xx_hal_gpio.c.obj
LOAD CMakeFiles/STM32F303_fw.elf.dir/Drivers/STM32F3xx_HAL_Driver/Src/stm32f3xx_hal_i2c.c.obj
LOAD CMakeFiles/STM32F303_fw.elf.dir/Drivers/STM32F3xx_HAL_Driver/Src/stm32f3xx_hal_i2c_ex.c.obj
LOAD CMakeFiles/STM32F303_fw.elf.dir/Drivers/STM32F3xx_HAL_Driver/Src/stm32f3xx_hal_pwr.c.obj
LOAD CMakeFiles/STM32F303_fw.elf.dir/Drivers/STM32F3xx_HAL_Driver/Src/stm32f3xx_hal_pwr_ex.c.obj
LOAD CMakeFiles/STM32F303_fw.elf.dir/Drivers/STM32F3xx_HAL_Driver/Src/stm32f3xx_hal_rcc.c.obj
LOAD CMakeFiles/STM32F303_fw.elf.dir/Drivers/STM32F3xx_HAL_Driver/Src/stm32f3xx_hal_rcc_ex.c.obj
LOAD CMakeFiles/STM32F303_fw.elf.dir/Drivers/STM32F3xx_HAL_Driver/Src/stm32f3xx_hal_spi.c.obj
LOAD CMakeFiles/STM32F303_fw.elf.dir/Drivers/STM32F3xx_HAL_Driver/Src/stm32f3xx_hal_spi_ex.c.obj
LOAD CMakeFiles/STM32F303_fw.elf.dir/Drivers/STM32F3xx_HAL_Driver/Src/stm32f3xx_hal_tim.c.obj
LOAD CMakeFiles/STM32F303_fw.elf.dir/Drivers/STM32F3xx_HAL_Driver/Src/stm32f3xx_hal_tim_ex.c.obj
LOAD CMakeFiles/STM32F303_fw.elf.dir/Users/Base/Button/button_base.cpp.obj
LOAD CMakeFiles/STM32F303_fw.elf.dir/Users/Base/Button/button_stm32.cpp.obj
LOAD CMakeFiles/STM32F303_fw.elf.dir/Users/Base/CAN/can_base.cpp.obj
LOAD CMakeFiles/STM32F303_fw.elf.dir/Users/Xdrive/Driver/tb67h450_base.cpp.obj
LOAD CMakeFiles/STM32F303_fw.elf.dir/Users/Xdrive/Driver/tb67h450_stm32.cpp.obj
LOAD CMakeFiles/STM32F303_fw.elf.dir/Users/Xdrive/Encoder/encoder_calibrator_base.cpp.obj
LOAD CMakeFiles/STM32F303_fw.elf.dir/Users/Xdrive/Encoder/encoder_calibrator_stm32.cpp.obj
LOAD CMakeFiles/STM32F303_fw.elf.dir/Users/Xdrive/Encoder/mt6816_base.cpp.obj
LOAD CMakeFiles/STM32F303_fw.elf.dir/Users/Xdrive/Encoder/mt6816_stm32.cpp.obj
LOAD CMakeFiles/STM32F303_fw.elf.dir/Users/Xdrive/Memory/stockpile_f303cc.c.obj
LOAD CMakeFiles/STM32F303_fw.elf.dir/Users/Xdrive/Motor/motion_planner.cpp.obj
LOAD CMakeFiles/STM32F303_fw.elf.dir/Users/Xdrive/Motor/motor.cpp.obj
LOAD CMakeFiles/STM32F303_fw.elf.dir/Users/selfmain.cpp.obj
LOAD s:/gcc-arm-none-eabi/gcc-arm-none-eabi-10.3-2021.10/bin/../lib/gcc/arm-none-eabi/10.3.1/../../../../arm-none-eabi/lib/thumb/v7e-m/nofp\libstdc++.a
LOAD s:/gcc-arm-none-eabi/gcc-arm-none-eabi-10.3-2021.10/bin/../lib/gcc/arm-none-eabi/10.3.1/../../../../arm-none-eabi/lib/thumb/v7e-m/nofp\libm.a
START GROUP
LOAD s:/gcc-arm-none-eabi/gcc-arm-none-eabi-10.3-2021.10/bin/../lib/gcc/arm-none-eabi/10.3.1/thumb/v7e-m/nofp\libgcc.a
LOAD s:/gcc-arm-none-eabi/gcc-arm-none-eabi-10.3-2021.10/bin/../lib/gcc/arm-none-eabi/10.3.1/../../../../arm-none-eabi/lib/thumb/v7e-m/nofp\libg.a
LOAD s:/gcc-arm-none-eabi/gcc-arm-none-eabi-10.3-2021.10/bin/../lib/gcc/arm-none-eabi/10.3.1/../../../../arm-none-eabi/lib/thumb/v7e-m/nofp\libc.a
END GROUP
LOAD s:/gcc-arm-none-eabi/gcc-arm-none-eabi-10.3-2021.10/bin/../lib/gcc/arm-none-eabi/10.3.1/thumb/v7e-m/nofp/crtend.o
LOAD s:/gcc-arm-none-eabi/gcc-arm-none-eabi-10.3-2021.10/bin/../lib/gcc/arm-none-eabi/10.3.1/thumb/v7e-m/nofp/crtn.o
                0x2000a000                _estack = (ORIGIN (RAM) + LENGTH (RAM))
                0x00000200                _Min_Heap_Size = 0x200
                0x00000400                _Min_Stack_Size = 0x400

.isr_vector     0x08000000      0x188
                0x08000000                . = ALIGN (0x4)
 *(.isr_vector)
 .isr_vector    0x08000000      0x188 CMakeFiles/STM32F303_fw.elf.dir/Core/Startup/startup_stm32f303cctx.s.obj
                0x08000000                g_pfnVectors
                0x08000188                . = ALIGN (0x4)

.text           0x080001c0    0x14b30
                0x080001c0                . = ALIGN (0x4)
 *(.text)
 .text          0x080001c0       0x40 s:/gcc-arm-none-eabi/gcc-arm-none-eabi-10.3-2021.10/bin/../lib/gcc/arm-none-eabi/10.3.1/thumb/v7e-m/nofp/crtbegin.o
 .text          0x08000200     0x5fa4 s:/gcc-arm-none-eabi/gcc-arm-none-eabi-10.3-2021.10/bin/../lib/gcc/arm-none-eabi/10.3.1/../../../../arm-none-eabi/lib/thumb/v7e-m/nofp\libstdc++.a(cp-demangle.o)
                0x080060bc                __cxa_demangle
                0x08006180                __gcclibcxx_demangle_callback
 .text          0x080061a4      0x21c s:/gcc-arm-none-eabi/gcc-arm-none-eabi-10.3-2021.10/bin/../lib/gcc/arm-none-eabi/10.3.1/thumb/v7e-m/nofp\libgcc.a(_arm_addsubsf3.o)
                0x080061a4                __aeabi_frsub
                0x080061ac                __subsf3
                0x080061ac                __aeabi_fsub
                0x080061b0                __aeabi_fadd
                0x080061b0                __addsf3
                0x08006310                __aeabi_ui2f
                0x08006310                __floatunsisf
                0x08006318                __aeabi_i2f
                0x08006318                __floatsisf
                0x08006334                __aeabi_ul2f
                0x08006334                __floatundisf
                0x08006344                __aeabi_l2f
                0x08006344                __floatdisf
 .text          0x080063c0      0x2a0 s:/gcc-arm-none-eabi/gcc-arm-none-eabi-10.3-2021.10/bin/../lib/gcc/arm-none-eabi/10.3.1/thumb/v7e-m/nofp\libgcc.a(_arm_muldivsf3.o)
                0x080063c0                __mulsf3
                0x080063c0                __aeabi_fmul
                0x08006528                __aeabi_fdiv
                0x08006528                __divsf3
 .text          0x08006660       0xec s:/gcc-arm-none-eabi/gcc-arm-none-eabi-10.3-2021.10/bin/../lib/gcc/arm-none-eabi/10.3.1/thumb/v7e-m/nofp\libgcc.a(_arm_cmpsf2.o)
                0x08006660                __gesf2
                0x08006660                __gtsf2
                0x08006668                __lesf2
                0x08006668                __ltsf2
                0x08006670                __nesf2
                0x08006670                __eqsf2
                0x08006670                __cmpsf2
                0x080066d0                __aeabi_cfrcmple
                0x080066d8                __aeabi_cfcmpeq
                0x080066d8                __aeabi_cfcmple
                0x080066e8                __aeabi_fcmpeq
                0x080066fc                __aeabi_fcmplt
                0x08006710                __aeabi_fcmple
                0x08006724                __aeabi_fcmpge
                0x08006738                __aeabi_fcmpgt
 .text          0x0800674c       0x2c s:/gcc-arm-none-eabi/gcc-arm-none-eabi-10.3-2021.10/bin/../lib/gcc/arm-none-eabi/10.3.1/thumb/v7e-m/nofp\libgcc.a(_arm_unordsf2.o)
                0x0800674c                __unordsf2
                0x0800674c                __aeabi_fcmpun
 .text          0x08006778       0x4c s:/gcc-arm-none-eabi/gcc-arm-none-eabi-10.3-2021.10/bin/../lib/gcc/arm-none-eabi/10.3.1/thumb/v7e-m/nofp\libgcc.a(_arm_fixsfsi.o)
                0x08006778                __aeabi_f2iz
                0x08006778                __fixsfsi
 .text          0x080067c4      0x9d8 s:/gcc-arm-none-eabi/gcc-arm-none-eabi-10.3-2021.10/bin/../lib/gcc/arm-none-eabi/10.3.1/thumb/v7e-m/nofp\libgcc.a(unwind-arm.o)
                0x08006a6c                _Unwind_GetCFA
                0x08006a70                __gnu_Unwind_RaiseException
                0x08006ad8                __gnu_Unwind_ForcedUnwind
                0x08006ae8                __gnu_Unwind_Resume
                0x08006b2c                __gnu_Unwind_Resume_or_Rethrow
                0x08006b3c                _Unwind_Complete
                0x08006b40                _Unwind_DeleteException
                0x08006b4c                _Unwind_VRS_Get
                0x08006b98                _Unwind_VRS_Set
                0x08006be0                __gnu_Unwind_Backtrace
                0x08006f0c                __aeabi_unwind_cpp_pr0
                0x08006f10                __aeabi_unwind_cpp_pr1
                0x08006f14                __aeabi_unwind_cpp_pr2
                0x08006f18                _Unwind_VRS_Pop
 .text          0x0800719c      0x1ac s:/gcc-arm-none-eabi/gcc-arm-none-eabi-10.3-2021.10/bin/../lib/gcc/arm-none-eabi/10.3.1/thumb/v7e-m/nofp\libgcc.a(libunwind.o)
                0x0800719c                __restore_core_regs
                0x0800719c                restore_core_regs
                0x080071b4                __gnu_Unwind_Restore_VFP
                0x080071bc                __gnu_Unwind_Save_VFP
                0x080071c4                __gnu_Unwind_Restore_VFP_D
                0x080071cc                __gnu_Unwind_Save_VFP_D
                0x080071d4                __gnu_Unwind_Restore_VFP_D_16_to_31
                0x080071dc                __gnu_Unwind_Save_VFP_D_16_to_31
                0x080071e4                __gnu_Unwind_Restore_WMMXD
                0x08007228                __gnu_Unwind_Save_WMMXD
                0x0800726c                __gnu_Unwind_Restore_WMMXC
                0x08007280                __gnu_Unwind_Save_WMMXC
                0x08007294                ___Unwind_RaiseException
                0x08007294                _Unwind_RaiseException
                0x080072b8                _Unwind_Resume
                0x080072b8                ___Unwind_Resume
                0x080072dc                _Unwind_Resume_or_Rethrow
                0x080072dc                ___Unwind_Resume_or_Rethrow
                0x08007300                _Unwind_ForcedUnwind
                0x08007300                ___Unwind_ForcedUnwind
                0x08007324                ___Unwind_Backtrace
                0x08007324                _Unwind_Backtrace
 .text          0x08007348      0x350 s:/gcc-arm-none-eabi/gcc-arm-none-eabi-10.3-2021.10/bin/../lib/gcc/arm-none-eabi/10.3.1/thumb/v7e-m/nofp\libgcc.a(pr-support.o)
                0x080073a0                __gnu_unwind_execute
                0x0800764c                __gnu_unwind_frame
                0x08007678                _Unwind_GetRegionStart
                0x08007684                _Unwind_GetLanguageSpecificData
 *fill*         0x08007698        0x8 
 .text          0x080076a0       0xa0 s:/gcc-arm-none-eabi/gcc-arm-none-eabi-10.3-2021.10/bin/../lib/gcc/arm-none-eabi/10.3.1/../../../../arm-none-eabi/lib/thumb/v7e-m/nofp\libg.a(lib_a-memchr.o)
                0x080076a0                memchr
 .text          0x08007740      0x134 s:/gcc-arm-none-eabi/gcc-arm-none-eabi-10.3-2021.10/bin/../lib/gcc/arm-none-eabi/10.3.1/../../../../arm-none-eabi/lib/thumb/v7e-m/nofp\libg.a(lib_a-memcpy.o)
                0x08007740                memcpy
 *fill*         0x08007874        0xc 
 .text          0x08007880      0x2dc s:/gcc-arm-none-eabi/gcc-arm-none-eabi-10.3-2021.10/bin/../lib/gcc/arm-none-eabi/10.3.1/../../../../arm-none-eabi/lib/thumb/v7e-m/nofp\libg.a(lib_a-strcmp.o)
                0x08007888                strcmp
 *fill*         0x08007b5c       0x24 
 .text          0x08007b80       0xdc s:/gcc-arm-none-eabi/gcc-arm-none-eabi-10.3-2021.10/bin/../lib/gcc/arm-none-eabi/10.3.1/../../../../arm-none-eabi/lib/thumb/v7e-m/nofp\libg.a(lib_a-strlen.o)
                0x08007b80                strlen
 .text          0x08007c5c      0x378 s:/gcc-arm-none-eabi/gcc-arm-none-eabi-10.3-2021.10/bin/../lib/gcc/arm-none-eabi/10.3.1/thumb/v7e-m/nofp\libgcc.a(_arm_addsubdf3.o)
                0x08007c5c                __aeabi_drsub
                0x08007c64                __aeabi_dsub
                0x08007c64                __subdf3
                0x08007c68                __aeabi_dadd
                0x08007c68                __adddf3
                0x08007ee0                __floatunsidf
                0x08007ee0                __aeabi_ui2d
                0x08007f00                __floatsidf
                0x08007f00                __aeabi_i2d
                0x08007f24                __aeabi_f2d
                0x08007f24                __extendsfdf2
                0x08007f68                __floatundidf
                0x08007f68                __aeabi_ul2d
                0x08007f78                __floatdidf
                0x08007f78                __aeabi_l2d
 .text          0x08007fd4      0x424 s:/gcc-arm-none-eabi/gcc-arm-none-eabi-10.3-2021.10/bin/../lib/gcc/arm-none-eabi/10.3.1/thumb/v7e-m/nofp\libgcc.a(_arm_muldivdf3.o)
                0x08007fd4                __aeabi_dmul
                0x08007fd4                __muldf3
                0x08008228                __divdf3
                0x08008228                __aeabi_ddiv
 .text          0x080083f8      0x110 s:/gcc-arm-none-eabi/gcc-arm-none-eabi-10.3-2021.10/bin/../lib/gcc/arm-none-eabi/10.3.1/thumb/v7e-m/nofp\libgcc.a(_arm_cmpdf2.o)
                0x080083f8                __gtdf2
                0x080083f8                __gedf2
                0x08008400                __ltdf2
                0x08008400                __ledf2
                0x08008408                __nedf2
                0x08008408                __eqdf2
                0x08008408                __cmpdf2
                0x08008484                __aeabi_cdrcmple
                0x08008494                __aeabi_cdcmpeq
                0x08008494                __aeabi_cdcmple
                0x080084a4                __aeabi_dcmpeq
                0x080084b8                __aeabi_dcmplt
                0x080084cc                __aeabi_dcmple
                0x080084e0                __aeabi_dcmpge
                0x080084f4                __aeabi_dcmpgt
 .text          0x08008508       0x2c s:/gcc-arm-none-eabi/gcc-arm-none-eabi-10.3-2021.10/bin/../lib/gcc/arm-none-eabi/10.3.1/thumb/v7e-m/nofp\libgcc.a(_arm_unorddf2.o)
                0x08008508                __unorddf2
                0x08008508                __aeabi_dcmpun
 .text          0x08008534       0x50 s:/gcc-arm-none-eabi/gcc-arm-none-eabi-10.3-2021.10/bin/../lib/gcc/arm-none-eabi/10.3.1/thumb/v7e-m/nofp\libgcc.a(_arm_fixdfsi.o)
                0x08008534                __aeabi_d2iz
                0x08008534                __fixdfsi
 .text          0x08008584       0x30 s:/gcc-arm-none-eabi/gcc-arm-none-eabi-10.3-2021.10/bin/../lib/gcc/arm-none-eabi/10.3.1/thumb/v7e-m/nofp\libgcc.a(_aeabi_uldivmod.o)
                0x08008584                __aeabi_uldivmod
 .text          0x080085b4      0x2d0 s:/gcc-arm-none-eabi/gcc-arm-none-eabi-10.3-2021.10/bin/../lib/gcc/arm-none-eabi/10.3.1/thumb/v7e-m/nofp\libgcc.a(_udivmoddi4.o)
                0x080085b4                __udivmoddi4
 .text          0x08008884        0x4 s:/gcc-arm-none-eabi/gcc-arm-none-eabi-10.3-2021.10/bin/../lib/gcc/arm-none-eabi/10.3.1/thumb/v7e-m/nofp\libgcc.a(_dvmd_tls.o)
                0x08008884                __aeabi_idiv0
                0x08008884                __aeabi_ldiv0
 *(.text*)
 .text.MX_CAN_Init
                0x08008888       0x44 CMakeFiles/STM32F303_fw.elf.dir/Core/Src/can.c.obj
                0x08008888                MX_CAN_Init
 .text.HAL_CAN_MspInit
                0x080088cc       0x88 CMakeFiles/STM32F303_fw.elf.dir/Core/Src/can.c.obj
                0x080088cc                HAL_CAN_MspInit
 .text.MX_DAC_Init
                0x08008954       0x54 CMakeFiles/STM32F303_fw.elf.dir/Core/Src/dac.c.obj
                0x08008954                MX_DAC_Init
 .text.HAL_DAC_MspInit
                0x080089a8       0x60 CMakeFiles/STM32F303_fw.elf.dir/Core/Src/dac.c.obj
                0x080089a8                HAL_DAC_MspInit
 .text.MX_GPIO_Init
                0x08008a08       0xc0 CMakeFiles/STM32F303_fw.elf.dir/Core/Src/gpio.c.obj
                0x08008a08                MX_GPIO_Init
 .text.Error_Handler
                0x08008ac8        0x4 CMakeFiles/STM32F303_fw.elf.dir/Core/Src/main.c.obj
                0x08008ac8                Error_Handler
 .text.SystemClock_Config
                0x08008acc       0x64 CMakeFiles/STM32F303_fw.elf.dir/Core/Src/main.c.obj
                0x08008acc                SystemClock_Config
 .text.main     0x08008b30       0x2c CMakeFiles/STM32F303_fw.elf.dir/Core/Src/main.c.obj
                0x08008b30                main
 .text.MX_SPI2_Init
                0x08008b5c       0x50 CMakeFiles/STM32F303_fw.elf.dir/Core/Src/spi.c.obj
                0x08008b5c                MX_SPI2_Init
 .text.HAL_SPI_MspInit
                0x08008bac       0x6c CMakeFiles/STM32F303_fw.elf.dir/Core/Src/spi.c.obj
                0x08008bac                HAL_SPI_MspInit
 .text.HAL_MspInit
                0x08008c18       0x3c CMakeFiles/STM32F303_fw.elf.dir/Core/Src/stm32f3xx_hal_msp.c.obj
                0x08008c18                HAL_MspInit
 .text.NMI_Handler
                0x08008c54        0x2 CMakeFiles/STM32F303_fw.elf.dir/Core/Src/stm32f3xx_it.c.obj
                0x08008c54                NMI_Handler
 .text.HardFault_Handler
                0x08008c56        0x2 CMakeFiles/STM32F303_fw.elf.dir/Core/Src/stm32f3xx_it.c.obj
                0x08008c56                HardFault_Handler
 .text.MemManage_Handler
                0x08008c58        0x2 CMakeFiles/STM32F303_fw.elf.dir/Core/Src/stm32f3xx_it.c.obj
                0x08008c58                MemManage_Handler
 .text.BusFault_Handler
                0x08008c5a        0x2 CMakeFiles/STM32F303_fw.elf.dir/Core/Src/stm32f3xx_it.c.obj
                0x08008c5a                BusFault_Handler
 .text.UsageFault_Handler
                0x08008c5c        0x2 CMakeFiles/STM32F303_fw.elf.dir/Core/Src/stm32f3xx_it.c.obj
                0x08008c5c                UsageFault_Handler
 .text.SVC_Handler
                0x08008c5e        0x2 CMakeFiles/STM32F303_fw.elf.dir/Core/Src/stm32f3xx_it.c.obj
                0x08008c5e                SVC_Handler
 .text.DebugMon_Handler
                0x08008c60        0x2 CMakeFiles/STM32F303_fw.elf.dir/Core/Src/stm32f3xx_it.c.obj
                0x08008c60                DebugMon_Handler
 .text.PendSV_Handler
                0x08008c62        0x2 CMakeFiles/STM32F303_fw.elf.dir/Core/Src/stm32f3xx_it.c.obj
                0x08008c62                PendSV_Handler
 .text.SysTick_Handler
                0x08008c64        0x8 CMakeFiles/STM32F303_fw.elf.dir/Core/Src/stm32f3xx_it.c.obj
                0x08008c64                SysTick_Handler
 .text.USB_HP_CAN_TX_IRQHandler
                0x08008c6c       0x10 CMakeFiles/STM32F303_fw.elf.dir/Core/Src/stm32f3xx_it.c.obj
                0x08008c6c                USB_HP_CAN_TX_IRQHandler
 .text.USB_LP_CAN_RX0_IRQHandler
                0x08008c7c       0x10 CMakeFiles/STM32F303_fw.elf.dir/Core/Src/stm32f3xx_it.c.obj
                0x08008c7c                USB_LP_CAN_RX0_IRQHandler
 .text.TIM3_IRQHandler
                0x08008c8c       0x10 CMakeFiles/STM32F303_fw.elf.dir/Core/Src/stm32f3xx_it.c.obj
                0x08008c8c                TIM3_IRQHandler
 .text.TIM4_IRQHandler
                0x08008c9c       0x10 CMakeFiles/STM32F303_fw.elf.dir/Core/Src/stm32f3xx_it.c.obj
                0x08008c9c                TIM4_IRQHandler
 .text._getpid  0x08008cac        0x4 CMakeFiles/STM32F303_fw.elf.dir/Core/Src/syscalls.c.obj
                0x08008cac                _getpid
 .text._kill    0x08008cb0       0x10 CMakeFiles/STM32F303_fw.elf.dir/Core/Src/syscalls.c.obj
                0x08008cb0                _kill
 .text._exit    0x08008cc0        0xc CMakeFiles/STM32F303_fw.elf.dir/Core/Src/syscalls.c.obj
                0x08008cc0                _exit
 .text._read    0x08008ccc       0x20 CMakeFiles/STM32F303_fw.elf.dir/Core/Src/syscalls.c.obj
                0x08008ccc                _read
 .text._write   0x08008cec       0x1c CMakeFiles/STM32F303_fw.elf.dir/Core/Src/syscalls.c.obj
                0x08008cec                _write
 .text._close   0x08008d08        0x6 CMakeFiles/STM32F303_fw.elf.dir/Core/Src/syscalls.c.obj
                0x08008d08                _close
 .text._fstat   0x08008d0e        0xa CMakeFiles/STM32F303_fw.elf.dir/Core/Src/syscalls.c.obj
                0x08008d0e                _fstat
 .text._isatty  0x08008d18        0x4 CMakeFiles/STM32F303_fw.elf.dir/Core/Src/syscalls.c.obj
                0x08008d18                _isatty
 .text._lseek   0x08008d1c        0x4 CMakeFiles/STM32F303_fw.elf.dir/Core/Src/syscalls.c.obj
                0x08008d1c                _lseek
 .text._sbrk    0x08008d20       0x48 CMakeFiles/STM32F303_fw.elf.dir/Core/Src/sysmem.c.obj
                0x08008d20                _sbrk
 .text.SystemInit
                0x08008d68        0x2 CMakeFiles/STM32F303_fw.elf.dir/Core/Src/system_stm32f3xx.c.obj
                0x08008d68                SystemInit
 *fill*         0x08008d6a        0x2 
 .text.MX_TIM3_Init
                0x08008d6c       0x70 CMakeFiles/STM32F303_fw.elf.dir/Core/Src/tim.c.obj
                0x08008d6c                MX_TIM3_Init
 .text.MX_TIM4_Init
                0x08008ddc       0x74 CMakeFiles/STM32F303_fw.elf.dir/Core/Src/tim.c.obj
                0x08008ddc                MX_TIM4_Init
 .text.HAL_TIM_Base_MspInit
                0x08008e50       0x70 CMakeFiles/STM32F303_fw.elf.dir/Core/Src/tim.c.obj
                0x08008e50                HAL_TIM_Base_MspInit
 .text.Reset_Handler
                0x08008ec0       0x50 CMakeFiles/STM32F303_fw.elf.dir/Core/Startup/startup_stm32f303cctx.s.obj
                0x08008ec0                Reset_Handler
 .text.Default_Handler
                0x08008f10        0x2 CMakeFiles/STM32F303_fw.elf.dir/Core/Startup/startup_stm32f303cctx.s.obj
                0x08008f10                RTC_Alarm_IRQHandler
                0x08008f10                TIM8_TRG_COM_IRQHandler
                0x08008f10                TIM8_CC_IRQHandler
                0x08008f10                TIM1_CC_IRQHandler
                0x08008f10                USB_HP_IRQHandler
                0x08008f10                PVD_IRQHandler
                0x08008f10                TAMP_STAMP_IRQHandler
                0x08008f10                EXTI3_IRQHandler
                0x08008f10                EXTI0_IRQHandler
                0x08008f10                I2C2_EV_IRQHandler
                0x08008f10                FPU_IRQHandler
                0x08008f10                TIM1_UP_TIM16_IRQHandler
                0x08008f10                ADC1_2_IRQHandler
                0x08008f10                SPI1_IRQHandler
                0x08008f10                CAN_SCE_IRQHandler
                0x08008f10                TIM6_DAC_IRQHandler
                0x08008f10                TIM8_UP_IRQHandler
                0x08008f10                DMA2_Channel2_IRQHandler
                0x08008f10                DMA1_Channel4_IRQHandler
                0x08008f10                USART3_IRQHandler
                0x08008f10                DMA1_Channel7_IRQHandler
                0x08008f10                UART5_IRQHandler
                0x08008f10                ADC3_IRQHandler
                0x08008f10                CAN_RX1_IRQHandler
                0x08008f10                DMA2_Channel1_IRQHandler
                0x08008f10                I2C1_EV_IRQHandler
                0x08008f10                DMA1_Channel6_IRQHandler
                0x08008f10                UART4_IRQHandler
                0x08008f10                DMA2_Channel4_IRQHandler
                0x08008f10                RCC_IRQHandler
                0x08008f10                DMA1_Channel1_IRQHandler
                0x08008f10                Default_Handler
                0x08008f10                USBWakeUp_RMP_IRQHandler
                0x08008f10                EXTI15_10_IRQHandler
                0x08008f10                TIM7_IRQHandler
                0x08008f10                EXTI9_5_IRQHandler
                0x08008f10                RTC_WKUP_IRQHandler
                0x08008f10                SPI2_IRQHandler
                0x08008f10                DMA2_Channel5_IRQHandler
                0x08008f10                DMA1_Channel5_IRQHandler
                0x08008f10                USB_LP_IRQHandler
                0x08008f10                EXTI4_IRQHandler
                0x08008f10                TIM1_TRG_COM_TIM17_IRQHandler
                0x08008f10                DMA1_Channel3_IRQHandler
                0x08008f10                ADC4_IRQHandler
                0x08008f10                WWDG_IRQHandler
                0x08008f10                TIM2_IRQHandler
                0x08008f10                COMP7_IRQHandler
                0x08008f10                COMP1_2_3_IRQHandler
                0x08008f10                EXTI1_IRQHandler
                0x08008f10                USART2_IRQHandler
                0x08008f10                COMP4_5_6_IRQHandler
                0x08008f10                I2C2_ER_IRQHandler
                0x08008f10                DMA1_Channel2_IRQHandler
                0x08008f10                TIM8_BRK_IRQHandler
                0x08008f10                FLASH_IRQHandler
                0x08008f10                USART1_IRQHandler
                0x08008f10                SPI3_IRQHandler
                0x08008f10                I2C1_ER_IRQHandler
                0x08008f10                USBWakeUp_IRQHandler
                0x08008f10                DMA2_Channel3_IRQHandler
                0x08008f10                EXTI2_TSC_IRQHandler
                0x08008f10                TIM1_BRK_TIM15_IRQHandler
 *fill*         0x08008f12        0x2 
 .text.HAL_InitTick
                0x08008f14       0x4c CMakeFiles/STM32F303_fw.elf.dir/Drivers/STM32F3xx_HAL_Driver/Src/stm32f3xx_hal.c.obj
                0x08008f14                HAL_InitTick
 .text.HAL_Init
                0x08008f60       0x24 CMakeFiles/STM32F303_fw.elf.dir/Drivers/STM32F3xx_HAL_Driver/Src/stm32f3xx_hal.c.obj
                0x08008f60                HAL_Init
 .text.HAL_IncTick
                0x08008f84       0x18 CMakeFiles/STM32F303_fw.elf.dir/Drivers/STM32F3xx_HAL_Driver/Src/stm32f3xx_hal.c.obj
                0x08008f84                HAL_IncTick
 .text.HAL_GetTick
                0x08008f9c        0xc CMakeFiles/STM32F303_fw.elf.dir/Drivers/STM32F3xx_HAL_Driver/Src/stm32f3xx_hal.c.obj
                0x08008f9c                HAL_GetTick
 .text.HAL_CAN_Init
                0x08008fa8      0x14c CMakeFiles/STM32F303_fw.elf.dir/Drivers/STM32F3xx_HAL_Driver/Src/stm32f3xx_hal_can.c.obj
                0x08008fa8                HAL_CAN_Init
 .text.HAL_CAN_ConfigFilter
                0x080090f4      0x10c CMakeFiles/STM32F303_fw.elf.dir/Drivers/STM32F3xx_HAL_Driver/Src/stm32f3xx_hal_can.c.obj
                0x080090f4                HAL_CAN_ConfigFilter
 .text.HAL_CAN_Start
                0x08009200       0x5c CMakeFiles/STM32F303_fw.elf.dir/Drivers/STM32F3xx_HAL_Driver/Src/stm32f3xx_hal_can.c.obj
                0x08009200                HAL_CAN_Start
 .text.HAL_CAN_AddTxMessage
                0x0800925c       0xea CMakeFiles/STM32F303_fw.elf.dir/Drivers/STM32F3xx_HAL_Driver/Src/stm32f3xx_hal_can.c.obj
                0x0800925c                HAL_CAN_AddTxMessage
 .text.HAL_CAN_GetRxMessage
                0x08009346      0x16a CMakeFiles/STM32F303_fw.elf.dir/Drivers/STM32F3xx_HAL_Driver/Src/stm32f3xx_hal_can.c.obj
                0x08009346                HAL_CAN_GetRxMessage
 .text.HAL_CAN_ActivateNotification
                0x080094b0       0x24 CMakeFiles/STM32F303_fw.elf.dir/Drivers/STM32F3xx_HAL_Driver/Src/stm32f3xx_hal_can.c.obj
                0x080094b0                HAL_CAN_ActivateNotification
 .text.HAL_CAN_TxMailbox0CompleteCallback
                0x080094d4        0x2 CMakeFiles/STM32F303_fw.elf.dir/Drivers/STM32F3xx_HAL_Driver/Src/stm32f3xx_hal_can.c.obj
                0x080094d4                HAL_CAN_TxMailbox0CompleteCallback
 .text.HAL_CAN_TxMailbox1CompleteCallback
                0x080094d6        0x2 CMakeFiles/STM32F303_fw.elf.dir/Drivers/STM32F3xx_HAL_Driver/Src/stm32f3xx_hal_can.c.obj
                0x080094d6                HAL_CAN_TxMailbox1CompleteCallback
 .text.HAL_CAN_TxMailbox2CompleteCallback
                0x080094d8        0x2 CMakeFiles/STM32F303_fw.elf.dir/Drivers/STM32F3xx_HAL_Driver/Src/stm32f3xx_hal_can.c.obj
                0x080094d8                HAL_CAN_TxMailbox2CompleteCallback
 .text.HAL_CAN_TxMailbox0AbortCallback
                0x080094da        0x2 CMakeFiles/STM32F303_fw.elf.dir/Drivers/STM32F3xx_HAL_Driver/Src/stm32f3xx_hal_can.c.obj
                0x080094da                HAL_CAN_TxMailbox0AbortCallback
 .text.HAL_CAN_TxMailbox1AbortCallback
                0x080094dc        0x2 CMakeFiles/STM32F303_fw.elf.dir/Drivers/STM32F3xx_HAL_Driver/Src/stm32f3xx_hal_can.c.obj
                0x080094dc                HAL_CAN_TxMailbox1AbortCallback
 .text.HAL_CAN_TxMailbox2AbortCallback
                0x080094de        0x2 CMakeFiles/STM32F303_fw.elf.dir/Drivers/STM32F3xx_HAL_Driver/Src/stm32f3xx_hal_can.c.obj
                0x080094de                HAL_CAN_TxMailbox2AbortCallback
 .text.HAL_CAN_RxFifo0FullCallback
                0x080094e0        0x2 CMakeFiles/STM32F303_fw.elf.dir/Drivers/STM32F3xx_HAL_Driver/Src/stm32f3xx_hal_can.c.obj
                0x080094e0                HAL_CAN_RxFifo0FullCallback
 .text.HAL_CAN_RxFifo1MsgPendingCallback
                0x080094e2        0x2 CMakeFiles/STM32F303_fw.elf.dir/Drivers/STM32F3xx_HAL_Driver/Src/stm32f3xx_hal_can.c.obj
                0x080094e2                HAL_CAN_RxFifo1MsgPendingCallback
 .text.HAL_CAN_RxFifo1FullCallback
                0x080094e4        0x2 CMakeFiles/STM32F303_fw.elf.dir/Drivers/STM32F3xx_HAL_Driver/Src/stm32f3xx_hal_can.c.obj
                0x080094e4                HAL_CAN_RxFifo1FullCallback
 .text.HAL_CAN_SleepCallback
                0x080094e6        0x2 CMakeFiles/STM32F303_fw.elf.dir/Drivers/STM32F3xx_HAL_Driver/Src/stm32f3xx_hal_can.c.obj
                0x080094e6                HAL_CAN_SleepCallback
 .text.HAL_CAN_WakeUpFromRxMsgCallback
                0x080094e8        0x2 CMakeFiles/STM32F303_fw.elf.dir/Drivers/STM32F3xx_HAL_Driver/Src/stm32f3xx_hal_can.c.obj
                0x080094e8                HAL_CAN_WakeUpFromRxMsgCallback
 .text.HAL_CAN_ErrorCallback
                0x080094ea        0x2 CMakeFiles/STM32F303_fw.elf.dir/Drivers/STM32F3xx_HAL_Driver/Src/stm32f3xx_hal_can.c.obj
                0x080094ea                HAL_CAN_ErrorCallback
 .text.HAL_CAN_IRQHandler
                0x080094ec      0x24a CMakeFiles/STM32F303_fw.elf.dir/Drivers/STM32F3xx_HAL_Driver/Src/stm32f3xx_hal_can.c.obj
                0x080094ec                HAL_CAN_IRQHandler
 *fill*         0x08009736        0x2 
 .text.HAL_NVIC_SetPriorityGrouping
                0x08009738       0x24 CMakeFiles/STM32F303_fw.elf.dir/Drivers/STM32F3xx_HAL_Driver/Src/stm32f3xx_hal_cortex.c.obj
                0x08009738                HAL_NVIC_SetPriorityGrouping
 .text.HAL_NVIC_SetPriority
                0x0800975c       0x70 CMakeFiles/STM32F303_fw.elf.dir/Drivers/STM32F3xx_HAL_Driver/Src/stm32f3xx_hal_cortex.c.obj
                0x0800975c                HAL_NVIC_SetPriority
 .text.HAL_NVIC_EnableIRQ
                0x080097cc       0x1c CMakeFiles/STM32F303_fw.elf.dir/Drivers/STM32F3xx_HAL_Driver/Src/stm32f3xx_hal_cortex.c.obj
                0x080097cc                HAL_NVIC_EnableIRQ
 .text.HAL_NVIC_SystemReset
                0x080097e8       0x24 CMakeFiles/STM32F303_fw.elf.dir/Drivers/STM32F3xx_HAL_Driver/Src/stm32f3xx_hal_cortex.c.obj
                0x080097e8                HAL_NVIC_SystemReset
 .text.HAL_SYSTICK_Config
                0x0800980c       0x28 CMakeFiles/STM32F303_fw.elf.dir/Drivers/STM32F3xx_HAL_Driver/Src/stm32f3xx_hal_cortex.c.obj
                0x0800980c                HAL_SYSTICK_Config
 .text.HAL_DAC_Init
                0x08009834       0x24 CMakeFiles/STM32F303_fw.elf.dir/Drivers/STM32F3xx_HAL_Driver/Src/stm32f3xx_hal_dac.c.obj
                0x08009834                HAL_DAC_Init
 .text.HAL_DAC_SetValue
                0x08009858       0x2c CMakeFiles/STM32F303_fw.elf.dir/Drivers/STM32F3xx_HAL_Driver/Src/stm32f3xx_hal_dac_ex.c.obj
                0x08009858                HAL_DAC_SetValue
 .text.HAL_DAC_Start
                0x08009884       0x5c CMakeFiles/STM32F303_fw.elf.dir/Drivers/STM32F3xx_HAL_Driver/Src/stm32f3xx_hal_dac_ex.c.obj
                0x08009884                HAL_DAC_Start
 .text.HAL_DAC_ConfigChannel
                0x080098e0       0x52 CMakeFiles/STM32F303_fw.elf.dir/Drivers/STM32F3xx_HAL_Driver/Src/stm32f3xx_hal_dac_ex.c.obj
                0x080098e0                HAL_DAC_ConfigChannel
 *fill*         0x08009932        0x2 
 .text.FLASH_Program_HalfWord
                0x08009934       0x1c CMakeFiles/STM32F303_fw.elf.dir/Drivers/STM32F3xx_HAL_Driver/Src/stm32f3xx_hal_flash.c.obj
 .text.FLASH_SetErrorCode
                0x08009950       0x3c CMakeFiles/STM32F303_fw.elf.dir/Drivers/STM32F3xx_HAL_Driver/Src/stm32f3xx_hal_flash.c.obj
 .text.HAL_FLASH_Unlock
                0x0800998c       0x34 CMakeFiles/STM32F303_fw.elf.dir/Drivers/STM32F3xx_HAL_Driver/Src/stm32f3xx_hal_flash.c.obj
                0x0800998c                HAL_FLASH_Unlock
 .text.HAL_FLASH_Lock
                0x080099c0       0x14 CMakeFiles/STM32F303_fw.elf.dir/Drivers/STM32F3xx_HAL_Driver/Src/stm32f3xx_hal_flash.c.obj
                0x080099c0                HAL_FLASH_Lock
 .text.FLASH_WaitForLastOperation
                0x080099d4       0x60 CMakeFiles/STM32F303_fw.elf.dir/Drivers/STM32F3xx_HAL_Driver/Src/stm32f3xx_hal_flash.c.obj
                0x080099d4                FLASH_WaitForLastOperation
 .text.HAL_FLASH_Program
                0x08009a34       0xa0 CMakeFiles/STM32F303_fw.elf.dir/Drivers/STM32F3xx_HAL_Driver/Src/stm32f3xx_hal_flash.c.obj
                0x08009a34                HAL_FLASH_Program
 .text.FLASH_MassErase
                0x08009ad4       0x24 CMakeFiles/STM32F303_fw.elf.dir/Drivers/STM32F3xx_HAL_Driver/Src/stm32f3xx_hal_flash_ex.c.obj
 .text.FLASH_PageErase
                0x08009af8       0x24 CMakeFiles/STM32F303_fw.elf.dir/Drivers/STM32F3xx_HAL_Driver/Src/stm32f3xx_hal_flash_ex.c.obj
                0x08009af8                FLASH_PageErase
 .text.HAL_FLASHEx_Erase
                0x08009b1c       0xa4 CMakeFiles/STM32F303_fw.elf.dir/Drivers/STM32F3xx_HAL_Driver/Src/stm32f3xx_hal_flash_ex.c.obj
                0x08009b1c                HAL_FLASHEx_Erase
 .text.HAL_GPIO_Init
                0x08009bc0      0x1d0 CMakeFiles/STM32F303_fw.elf.dir/Drivers/STM32F3xx_HAL_Driver/Src/stm32f3xx_hal_gpio.c.obj
                0x08009bc0                HAL_GPIO_Init
 .text.HAL_GPIO_ReadPin
                0x08009d90        0xe CMakeFiles/STM32F303_fw.elf.dir/Drivers/STM32F3xx_HAL_Driver/Src/stm32f3xx_hal_gpio.c.obj
                0x08009d90                HAL_GPIO_ReadPin
 .text.HAL_GPIO_WritePin
                0x08009d9e        0xa CMakeFiles/STM32F303_fw.elf.dir/Drivers/STM32F3xx_HAL_Driver/Src/stm32f3xx_hal_gpio.c.obj
                0x08009d9e                HAL_GPIO_WritePin
 .text.HAL_I2CEx_EnableFastModePlus
                0x08009da8       0x2c CMakeFiles/STM32F303_fw.elf.dir/Drivers/STM32F3xx_HAL_Driver/Src/stm32f3xx_hal_i2c_ex.c.obj
                0x08009da8                HAL_I2CEx_EnableFastModePlus
 .text.HAL_RCC_DeInit
                0x08009dd4       0xf4 CMakeFiles/STM32F303_fw.elf.dir/Drivers/STM32F3xx_HAL_Driver/Src/stm32f3xx_hal_rcc.c.obj
                0x08009dd4                HAL_RCC_DeInit
 .text.HAL_RCC_OscConfig
                0x08009ec8      0x634 CMakeFiles/STM32F303_fw.elf.dir/Drivers/STM32F3xx_HAL_Driver/Src/stm32f3xx_hal_rcc.c.obj
                0x08009ec8                HAL_RCC_OscConfig
 .text.HAL_RCC_GetSysClockFreq
                0x0800a4fc       0x7c CMakeFiles/STM32F303_fw.elf.dir/Drivers/STM32F3xx_HAL_Driver/Src/stm32f3xx_hal_rcc.c.obj
                0x0800a4fc                HAL_RCC_GetSysClockFreq
 .text.HAL_RCC_ClockConfig
                0x0800a578      0x1a8 CMakeFiles/STM32F303_fw.elf.dir/Drivers/STM32F3xx_HAL_Driver/Src/stm32f3xx_hal_rcc.c.obj
                0x0800a578                HAL_RCC_ClockConfig
 .text.SPI_WaitFlagStateUntilTimeout
                0x0800a720       0xd4 CMakeFiles/STM32F303_fw.elf.dir/Drivers/STM32F3xx_HAL_Driver/Src/stm32f3xx_hal_spi.c.obj
 .text.SPI_WaitFifoStateUntilTimeout
                0x0800a7f4       0xf4 CMakeFiles/STM32F303_fw.elf.dir/Drivers/STM32F3xx_HAL_Driver/Src/stm32f3xx_hal_spi.c.obj
 .text.SPI_EndRxTxTransaction
                0x0800a8e8       0x62 CMakeFiles/STM32F303_fw.elf.dir/Drivers/STM32F3xx_HAL_Driver/Src/stm32f3xx_hal_spi.c.obj
 .text.HAL_SPI_Init
                0x0800a94a       0xe8 CMakeFiles/STM32F303_fw.elf.dir/Drivers/STM32F3xx_HAL_Driver/Src/stm32f3xx_hal_spi.c.obj
                0x0800a94a                HAL_SPI_Init
 .text.HAL_SPI_TransmitReceive
                0x0800aa32      0x2ec CMakeFiles/STM32F303_fw.elf.dir/Drivers/STM32F3xx_HAL_Driver/Src/stm32f3xx_hal_spi.c.obj
                0x0800aa32                HAL_SPI_TransmitReceive
 .text.TIM_TI1_ConfigInputStage
                0x0800ad1e       0x24 CMakeFiles/STM32F303_fw.elf.dir/Drivers/STM32F3xx_HAL_Driver/Src/stm32f3xx_hal_tim.c.obj
 .text.TIM_TI2_ConfigInputStage
                0x0800ad42       0x26 CMakeFiles/STM32F303_fw.elf.dir/Drivers/STM32F3xx_HAL_Driver/Src/stm32f3xx_hal_tim.c.obj
 .text.TIM_ITRx_SetConfig
                0x0800ad68       0x10 CMakeFiles/STM32F303_fw.elf.dir/Drivers/STM32F3xx_HAL_Driver/Src/stm32f3xx_hal_tim.c.obj
 .text.HAL_TIM_Base_Start_IT
                0x0800ad78       0x84 CMakeFiles/STM32F303_fw.elf.dir/Drivers/STM32F3xx_HAL_Driver/Src/stm32f3xx_hal_tim.c.obj
                0x0800ad78                HAL_TIM_Base_Start_IT
 .text.HAL_TIM_OC_DelayElapsedCallback
                0x0800adfc        0x2 CMakeFiles/STM32F303_fw.elf.dir/Drivers/STM32F3xx_HAL_Driver/Src/stm32f3xx_hal_tim.c.obj
                0x0800adfc                HAL_TIM_OC_DelayElapsedCallback
 .text.HAL_TIM_IC_CaptureCallback
                0x0800adfe        0x2 CMakeFiles/STM32F303_fw.elf.dir/Drivers/STM32F3xx_HAL_Driver/Src/stm32f3xx_hal_tim.c.obj
                0x0800adfe                HAL_TIM_IC_CaptureCallback
 .text.HAL_TIM_PWM_PulseFinishedCallback
                0x0800ae00        0x2 CMakeFiles/STM32F303_fw.elf.dir/Drivers/STM32F3xx_HAL_Driver/Src/stm32f3xx_hal_tim.c.obj
                0x0800ae00                HAL_TIM_PWM_PulseFinishedCallback
 .text.HAL_TIM_TriggerCallback
                0x0800ae02        0x2 CMakeFiles/STM32F303_fw.elf.dir/Drivers/STM32F3xx_HAL_Driver/Src/stm32f3xx_hal_tim.c.obj
                0x0800ae02                HAL_TIM_TriggerCallback
 .text.HAL_TIM_IRQHandler
                0x0800ae04      0x19a CMakeFiles/STM32F303_fw.elf.dir/Drivers/STM32F3xx_HAL_Driver/Src/stm32f3xx_hal_tim.c.obj
                0x0800ae04                HAL_TIM_IRQHandler
 *fill*         0x0800af9e        0x2 
 .text.TIM_Base_SetConfig
                0x0800afa0       0xb8 CMakeFiles/STM32F303_fw.elf.dir/Drivers/STM32F3xx_HAL_Driver/Src/stm32f3xx_hal_tim.c.obj
                0x0800afa0                TIM_Base_SetConfig
 .text.HAL_TIM_Base_Init
                0x0800b058       0x60 CMakeFiles/STM32F303_fw.elf.dir/Drivers/STM32F3xx_HAL_Driver/Src/stm32f3xx_hal_tim.c.obj
                0x0800b058                HAL_TIM_Base_Init
 .text.TIM_ETR_SetConfig
                0x0800b0b8       0x18 CMakeFiles/STM32F303_fw.elf.dir/Drivers/STM32F3xx_HAL_Driver/Src/stm32f3xx_hal_tim.c.obj
                0x0800b0b8                TIM_ETR_SetConfig
 .text.HAL_TIM_ConfigClockSource
                0x0800b0d0      0x100 CMakeFiles/STM32F303_fw.elf.dir/Drivers/STM32F3xx_HAL_Driver/Src/stm32f3xx_hal_tim.c.obj
                0x0800b0d0                HAL_TIM_ConfigClockSource
 .text.HAL_TIMEx_MasterConfigSynchronization
                0x0800b1d0       0x90 CMakeFiles/STM32F303_fw.elf.dir/Drivers/STM32F3xx_HAL_Driver/Src/stm32f3xx_hal_tim_ex.c.obj
                0x0800b1d0                HAL_TIMEx_MasterConfigSynchronization
 .text.HAL_TIMEx_CommutCallback
                0x0800b260        0x2 CMakeFiles/STM32F303_fw.elf.dir/Drivers/STM32F3xx_HAL_Driver/Src/stm32f3xx_hal_tim_ex.c.obj
                0x0800b260                HAL_TIMEx_CommutCallback
 .text.HAL_TIMEx_BreakCallback
                0x0800b262        0x2 CMakeFiles/STM32F303_fw.elf.dir/Drivers/STM32F3xx_HAL_Driver/Src/stm32f3xx_hal_tim_ex.c.obj
                0x0800b262                HAL_TIMEx_BreakCallback
 .text.HAL_TIMEx_Break2Callback
                0x0800b264        0x2 CMakeFiles/STM32F303_fw.elf.dir/Drivers/STM32F3xx_HAL_Driver/Src/stm32f3xx_hal_tim_ex.c.obj
                0x0800b264                HAL_TIMEx_Break2Callback
 .text._ZN10ButtonBase4TickEm
                0x0800b266       0x4c CMakeFiles/STM32F303_fw.elf.dir/Users/Base/Button/button_base.cpp.obj
                0x0800b266                ButtonBase::Tick(unsigned long)
 .text._ZN10ButtonBase18SetOnEventListenerEPFvNS_5EventEE
                0x0800b2b2       0x14 CMakeFiles/STM32F303_fw.elf.dir/Users/Base/Button/button_base.cpp.obj
                0x0800b2b2                ButtonBase::SetOnEventListener(void (*)(ButtonBase::Event))
 .text._ZN6Button15ReadButtonPinIOEh
                0x0800b2c6       0x1e CMakeFiles/STM32F303_fw.elf.dir/Users/Base/Button/button_stm32.cpp.obj
                0x0800b2c6                Button::ReadButtonPinIO(unsigned char)
 .text._ZN6Button9IsPressedEv
                0x0800b2e4       0x12 CMakeFiles/STM32F303_fw.elf.dir/Users/Base/Button/button_stm32.cpp.obj
                0x0800b2e4                Button::IsPressed()
 .text.CANInit  0x0800b2f6       0x38 CMakeFiles/STM32F303_fw.elf.dir/Users/Base/CAN/can_base.cpp.obj
                0x0800b2f6                CANInit
 *fill*         0x0800b32e        0x2 
 .text.CAN_Send
                0x0800b330       0x20 CMakeFiles/STM32F303_fw.elf.dir/Users/Base/CAN/can_base.cpp.obj
                0x0800b330                CAN_Send
 .text.OnCanCmd
                0x0800b350      0x5e0 CMakeFiles/STM32F303_fw.elf.dir/Users/Base/CAN/can_base.cpp.obj
                0x0800b350                OnCanCmd
 .text.HAL_CAN_RxFifo0MsgPendingCallback
                0x0800b930       0x48 CMakeFiles/STM32F303_fw.elf.dir/Users/Base/CAN/can_base.cpp.obj
                0x0800b930                HAL_CAN_RxFifo0MsgPendingCallback
 .text._ZN12TB67H450Base4InitEv
                0x0800b978       0x14 CMakeFiles/STM32F303_fw.elf.dir/Users/Xdrive/Driver/tb67h450_base.cpp.obj
                0x0800b978                TB67H450Base::Init()
 .text._ZN12TB67H450Base19SetFocCurrentVectorEml
                0x0800b98c       0xd4 CMakeFiles/STM32F303_fw.elf.dir/Users/Xdrive/Driver/tb67h450_base.cpp.obj
                0x0800b98c                TB67H450Base::SetFocCurrentVector(unsigned long, long)
 .text._ZN12TB67H450Base18SetTwoCoilsCurrentEtt
                0x0800ba60        0xa CMakeFiles/STM32F303_fw.elf.dir/Users/Xdrive/Driver/tb67h450_base.cpp.obj
                0x0800ba60                TB67H450Base::SetTwoCoilsCurrent(unsigned short, unsigned short)
 .text._ZN12TB67H450Base5SleepEv
                0x0800ba6a       0x2e CMakeFiles/STM32F303_fw.elf.dir/Users/Xdrive/Driver/tb67h450_base.cpp.obj
                0x0800ba6a                TB67H450Base::Sleep()
 .text._ZN12TB67H450Base5BrakeEv
                0x0800ba98       0x2c CMakeFiles/STM32F303_fw.elf.dir/Users/Xdrive/Driver/tb67h450_base.cpp.obj
                0x0800ba98                TB67H450Base::Brake()
 .text._ZN12TB67H450Base8InitGpioEv
                0x0800bac4        0x2 CMakeFiles/STM32F303_fw.elf.dir/Users/Xdrive/Driver/tb67h450_base.cpp.obj
                0x0800bac4                TB67H450Base::InitGpio()
 .text._ZN12TB67H450Base7InitPwmEv
                0x0800bac6        0x2 CMakeFiles/STM32F303_fw.elf.dir/Users/Xdrive/Driver/tb67h450_base.cpp.obj
                0x0800bac6                TB67H450Base::InitPwm()
 .text._ZN12TB67H450Base16DacOutputVoltageEtt
                0x0800bac8        0x2 CMakeFiles/STM32F303_fw.elf.dir/Users/Xdrive/Driver/tb67h450_base.cpp.obj
                0x0800bac8                TB67H450Base::DacOutputVoltage(unsigned short, unsigned short)
 .text._ZN12TB67H450Base9SetInputAEbb
                0x0800baca        0x2 CMakeFiles/STM32F303_fw.elf.dir/Users/Xdrive/Driver/tb67h450_base.cpp.obj
                0x0800baca                TB67H450Base::SetInputA(bool, bool)
 .text._ZN12TB67H450Base9SetInputBEbb
                0x0800bacc        0x2 CMakeFiles/STM32F303_fw.elf.dir/Users/Xdrive/Driver/tb67h450_base.cpp.obj
                0x0800bacc                TB67H450Base::SetInputB(bool, bool)
 .text._ZN8TB67H4508InitGpioEv
                0x0800bace        0x2 CMakeFiles/STM32F303_fw.elf.dir/Users/Xdrive/Driver/tb67h450_stm32.cpp.obj
                0x0800bace                TB67H450::InitGpio()
 .text._ZN8TB67H4509SetInputAEbb
                0x0800bad0       0x30 CMakeFiles/STM32F303_fw.elf.dir/Users/Xdrive/Driver/tb67h450_stm32.cpp.obj
                0x0800bad0                TB67H450::SetInputA(bool, bool)
 .text._ZN8TB67H4509SetInputBEbb
                0x0800bb00       0x28 CMakeFiles/STM32F303_fw.elf.dir/Users/Xdrive/Driver/tb67h450_stm32.cpp.obj
                0x0800bb00                TB67H450::SetInputB(bool, bool)
 .text._ZN8TB67H4507InitPwmEv
                0x0800bb28       0x1c CMakeFiles/STM32F303_fw.elf.dir/Users/Xdrive/Driver/tb67h450_stm32.cpp.obj
                0x0800bb28                TB67H450::InitPwm()
 .text._ZN8TB67H45016DacOutputVoltageEtt
                0x0800bb44       0x24 CMakeFiles/STM32F303_fw.elf.dir/Users/Xdrive/Driver/tb67h450_stm32.cpp.obj
                0x0800bb44                TB67H450::DacOutputVoltage(unsigned short, unsigned short)
 .text._ZN21EncoderCalibratorBase16CycleDataAverageEPKttl
                0x0800bb68       0x4a CMakeFiles/STM32F303_fw.elf.dir/Users/Xdrive/Encoder/encoder_calibrator_base.cpp.obj
                0x0800bb68                EncoderCalibratorBase::CycleDataAverage(unsigned short const*, unsigned short, long)
 .text._ZN21EncoderCalibratorBase9Tick20kHzEv
                0x0800bbb2      0x1d2 CMakeFiles/STM32F303_fw.elf.dir/Users/Xdrive/Encoder/encoder_calibrator_base.cpp.obj
                0x0800bbb2                EncoderCalibratorBase::Tick20kHz()
 .text._ZN21EncoderCalibratorBase8CycleModEmm
                0x0800bd84        0xc CMakeFiles/STM32F303_fw.elf.dir/Users/Xdrive/Encoder/encoder_calibrator_base.cpp.obj
                0x0800bd84                EncoderCalibratorBase::CycleMod(unsigned long, unsigned long)
 .text._ZN21EncoderCalibratorBase13CycleSubtractElll
                0x0800bd90       0x16 CMakeFiles/STM32F303_fw.elf.dir/Users/Xdrive/Encoder/encoder_calibrator_base.cpp.obj
                0x0800bd90                EncoderCalibratorBase::CycleSubtract(long, long, long)
 .text._ZN21EncoderCalibratorBase12CycleAverageElll
                0x0800bda6       0x20 CMakeFiles/STM32F303_fw.elf.dir/Users/Xdrive/Encoder/encoder_calibrator_base.cpp.obj
                0x0800bda6                EncoderCalibratorBase::CycleAverage(long, long, long)
 *fill*         0x0800bdc6        0x2 
 .text._ZN21EncoderCalibratorBase20CalibrationDataCheckEv
                0x0800bdc8      0x1b8 CMakeFiles/STM32F303_fw.elf.dir/Users/Xdrive/Encoder/encoder_calibrator_base.cpp.obj
                0x0800bdc8                EncoderCalibratorBase::CalibrationDataCheck()
 .text._ZN21EncoderCalibratorBase12TickMainLoopEv
                0x0800bf80      0x28e CMakeFiles/STM32F303_fw.elf.dir/Users/Xdrive/Encoder/encoder_calibrator_base.cpp.obj
                0x0800bf80                EncoderCalibratorBase::TickMainLoop()
 *fill*         0x0800c20e        0x2 
 .text._ZN17EncoderCalibrator15BeginWriteFlashEv
                0x0800c210       0x10 CMakeFiles/STM32F303_fw.elf.dir/Users/Xdrive/Encoder/encoder_calibrator_stm32.cpp.obj
                0x0800c210                EncoderCalibrator::BeginWriteFlash()
 .text._ZN17EncoderCalibrator13EndWriteFlashEv
                0x0800c220       0x10 CMakeFiles/STM32F303_fw.elf.dir/Users/Xdrive/Encoder/encoder_calibrator_stm32.cpp.obj
                0x0800c220                EncoderCalibrator::EndWriteFlash()
 .text._ZN17EncoderCalibrator10ClearFlashEv
                0x0800c230       0x10 CMakeFiles/STM32F303_fw.elf.dir/Users/Xdrive/Encoder/encoder_calibrator_stm32.cpp.obj
                0x0800c230                EncoderCalibrator::ClearFlash()
 .text._ZN17EncoderCalibrator22WriteFlash16bitsAppendEt
                0x0800c240       0x20 CMakeFiles/STM32F303_fw.elf.dir/Users/Xdrive/Encoder/encoder_calibrator_stm32.cpp.obj
                0x0800c240                EncoderCalibrator::WriteFlash16bitsAppend(unsigned short)
 .text._ZN10MT6816Base4InitEv
                0x0800c260       0x3a CMakeFiles/STM32F303_fw.elf.dir/Users/Xdrive/Encoder/mt6816_base.cpp.obj
                0x0800c260                MT6816Base::Init()
 .text._ZN10MT6816Base11UpdateAngleEv
                0x0800c29a       0x96 CMakeFiles/STM32F303_fw.elf.dir/Users/Xdrive/Encoder/mt6816_base.cpp.obj
                0x0800c29a                MT6816Base::UpdateAngle()
 .text._ZN10MT6816Base12IsCalibratedEv
                0x0800c330        0x4 CMakeFiles/STM32F303_fw.elf.dir/Users/Xdrive/Encoder/mt6816_base.cpp.obj
                0x0800c330                MT6816Base::IsCalibrated()
 .text._ZN10MT6816Base7SpiInitEv
                0x0800c334        0x2 CMakeFiles/STM32F303_fw.elf.dir/Users/Xdrive/Encoder/mt6816_base.cpp.obj
                0x0800c334                MT6816Base::SpiInit()
 .text._ZN10MT6816Base24SpiTransmitAndRead16BitsEt
                0x0800c336        0x4 CMakeFiles/STM32F303_fw.elf.dir/Users/Xdrive/Encoder/mt6816_base.cpp.obj
                0x0800c336                MT6816Base::SpiTransmitAndRead16Bits(unsigned short)
 .text._ZN6MT68167SpiInitEv
                0x0800c33a        0x2 CMakeFiles/STM32F303_fw.elf.dir/Users/Xdrive/Encoder/mt6816_stm32.cpp.obj
                0x0800c33a                MT6816::SpiInit()
 .text._ZN6MT681624SpiTransmitAndRead16BitsEt
                0x0800c33c       0x38 CMakeFiles/STM32F303_fw.elf.dir/Users/Xdrive/Encoder/mt6816_stm32.cpp.obj
                0x0800c33c                MT6816::SpiTransmitAndRead16Bits(unsigned short)
 .text.Stockpile_Flash_Data_Empty
                0x0800c374       0x4c CMakeFiles/STM32F303_fw.elf.dir/Users/Xdrive/Memory/stockpile_f303cc.c.obj
                0x0800c374                Stockpile_Flash_Data_Empty
 .text.Stockpile_Flash_Data_Begin
                0x0800c3c0        0xe CMakeFiles/STM32F303_fw.elf.dir/Users/Xdrive/Memory/stockpile_f303cc.c.obj
                0x0800c3c0                Stockpile_Flash_Data_Begin
 .text.Stockpile_Flash_Data_End
                0x0800c3ce        0x8 CMakeFiles/STM32F303_fw.elf.dir/Users/Xdrive/Memory/stockpile_f303cc.c.obj
                0x0800c3ce                Stockpile_Flash_Data_End
 .text.Stockpile_Flash_Data_Write_Data16
                0x0800c3d6       0x42 CMakeFiles/STM32F303_fw.elf.dir/Users/Xdrive/Memory/stockpile_f303cc.c.obj
                0x0800c3d6                Stockpile_Flash_Data_Write_Data16
 .text._ZN13MotionPlanner14CurrentTracker7NewTaskEl
                0x0800c418        0x8 CMakeFiles/STM32F303_fw.elf.dir/Users/Xdrive/Motor/motion_planner.cpp.obj
                0x0800c418                MotionPlanner::CurrentTracker::NewTask(long)
 .text._ZN13MotionPlanner14CurrentTracker19CalcCurrentIntegralEl
                0x0800c420       0x26 CMakeFiles/STM32F303_fw.elf.dir/Users/Xdrive/Motor/motion_planner.cpp.obj
                0x0800c420                MotionPlanner::CurrentTracker::CalcCurrentIntegral(long)
 .text._ZN13MotionPlanner14CurrentTracker12CalcSoftGoalEl
                0x0800c446       0x78 CMakeFiles/STM32F303_fw.elf.dir/Users/Xdrive/Motor/motion_planner.cpp.obj
                0x0800c446                MotionPlanner::CurrentTracker::CalcSoftGoal(long)
 .text._ZN13MotionPlanner14CurrentTracker13SetCurrentAccEl
                0x0800c4be        0x4 CMakeFiles/STM32F303_fw.elf.dir/Users/Xdrive/Motor/motion_planner.cpp.obj
                0x0800c4be                MotionPlanner::CurrentTracker::SetCurrentAcc(long)
 .text._ZN13MotionPlanner14CurrentTracker4InitEv
                0x0800c4c2       0x10 CMakeFiles/STM32F303_fw.elf.dir/Users/Xdrive/Motor/motion_planner.cpp.obj
                0x0800c4c2                MotionPlanner::CurrentTracker::Init()
 .text._ZN13MotionPlanner15VelocityTracker14SetVelocityAccEl
                0x0800c4d2        0x4 CMakeFiles/STM32F303_fw.elf.dir/Users/Xdrive/Motor/motion_planner.cpp.obj
                0x0800c4d2                MotionPlanner::VelocityTracker::SetVelocityAcc(long)
 .text._ZN13MotionPlanner15VelocityTracker4InitEv
                0x0800c4d6       0x10 CMakeFiles/STM32F303_fw.elf.dir/Users/Xdrive/Motor/motion_planner.cpp.obj
                0x0800c4d6                MotionPlanner::VelocityTracker::Init()
 .text._ZN13MotionPlanner15VelocityTracker7NewTaskEl
                0x0800c4e6        0x8 CMakeFiles/STM32F303_fw.elf.dir/Users/Xdrive/Motor/motion_planner.cpp.obj
                0x0800c4e6                MotionPlanner::VelocityTracker::NewTask(long)
 .text._ZN13MotionPlanner15VelocityTracker20CalcVelocityIntegralEl
                0x0800c4ee       0x26 CMakeFiles/STM32F303_fw.elf.dir/Users/Xdrive/Motor/motion_planner.cpp.obj
                0x0800c4ee                MotionPlanner::VelocityTracker::CalcVelocityIntegral(long)
 .text._ZN13MotionPlanner15VelocityTracker12CalcSoftGoalEl
                0x0800c514       0x78 CMakeFiles/STM32F303_fw.elf.dir/Users/Xdrive/Motor/motion_planner.cpp.obj
                0x0800c514                MotionPlanner::VelocityTracker::CalcSoftGoal(long)
 .text._ZN13MotionPlanner15PositionTracker14SetVelocityAccEl
                0x0800c58c       0x1c CMakeFiles/STM32F303_fw.elf.dir/Users/Xdrive/Motor/motion_planner.cpp.obj
                0x0800c58c                MotionPlanner::PositionTracker::SetVelocityAcc(long)
 .text._ZN13MotionPlanner15PositionTracker4InitEv
                0x0800c5a8       0x2c CMakeFiles/STM32F303_fw.elf.dir/Users/Xdrive/Motor/motion_planner.cpp.obj
                0x0800c5a8                MotionPlanner::PositionTracker::Init()
 .text._ZN13MotionPlanner15PositionTracker7NewTaskEll
                0x0800c5d4        0xc CMakeFiles/STM32F303_fw.elf.dir/Users/Xdrive/Motor/motion_planner.cpp.obj
                0x0800c5d4                MotionPlanner::PositionTracker::NewTask(long, long)
 .text._ZN13MotionPlanner15PositionTracker20CalcPositionIntegralEl
                0x0800c5e0       0x26 CMakeFiles/STM32F303_fw.elf.dir/Users/Xdrive/Motor/motion_planner.cpp.obj
                0x0800c5e0                MotionPlanner::PositionTracker::CalcPositionIntegral(long)
 .text._ZN13MotionPlanner15PositionTracker20CalcVelocityIntegralEl
                0x0800c606       0x26 CMakeFiles/STM32F303_fw.elf.dir/Users/Xdrive/Motor/motion_planner.cpp.obj
                0x0800c606                MotionPlanner::PositionTracker::CalcVelocityIntegral(long)
 .text._ZN13MotionPlanner15PositionTracker12CalcSoftGoalEl
                0x0800c62c      0x1ec CMakeFiles/STM32F303_fw.elf.dir/Users/Xdrive/Motor/motion_planner.cpp.obj
                0x0800c62c                MotionPlanner::PositionTracker::CalcSoftGoal(long)
 .text._ZN13MotionPlanner20PositionInterpolator7NewTaskEll
                0x0800c818        0xa CMakeFiles/STM32F303_fw.elf.dir/Users/Xdrive/Motor/motion_planner.cpp.obj
                0x0800c818                MotionPlanner::PositionInterpolator::NewTask(long, long)
 .text._ZN13MotionPlanner20PositionInterpolator12CalcSoftGoalEl
                0x0800c822       0x32 CMakeFiles/STM32F303_fw.elf.dir/Users/Xdrive/Motor/motion_planner.cpp.obj
                0x0800c822                MotionPlanner::PositionInterpolator::CalcSoftGoal(long)
 .text._ZN13MotionPlanner17TrajectoryTracker22SetSlowDownVelocityAccEl
                0x0800c854        0x4 CMakeFiles/STM32F303_fw.elf.dir/Users/Xdrive/Motor/motion_planner.cpp.obj
                0x0800c854                MotionPlanner::TrajectoryTracker::SetSlowDownVelocityAcc(long)
 .text._ZN13MotionPlanner17TrajectoryTracker7NewTaskEll
                0x0800c858       0x10 CMakeFiles/STM32F303_fw.elf.dir/Users/Xdrive/Motor/motion_planner.cpp.obj
                0x0800c858                MotionPlanner::TrajectoryTracker::NewTask(long, long)
 .text._ZN13MotionPlanner17TrajectoryTracker20CalcVelocityIntegralEl
                0x0800c868       0x26 CMakeFiles/STM32F303_fw.elf.dir/Users/Xdrive/Motor/motion_planner.cpp.obj
                0x0800c868                MotionPlanner::TrajectoryTracker::CalcVelocityIntegral(long)
 .text._ZN13MotionPlanner17TrajectoryTracker20CalcPositionIntegralEl
                0x0800c88e       0x26 CMakeFiles/STM32F303_fw.elf.dir/Users/Xdrive/Motor/motion_planner.cpp.obj
                0x0800c88e                MotionPlanner::TrajectoryTracker::CalcPositionIntegral(long)
 .text._ZN13MotionPlanner17TrajectoryTracker12CalcSoftGoalEll
                0x0800c8b4       0xda CMakeFiles/STM32F303_fw.elf.dir/Users/Xdrive/Motor/motion_planner.cpp.obj
                0x0800c8b4                MotionPlanner::TrajectoryTracker::CalcSoftGoal(long, long)
 .text._ZN13MotionPlanner17TrajectoryTracker4InitEl
                0x0800c98e       0x16 CMakeFiles/STM32F303_fw.elf.dir/Users/Xdrive/Motor/motion_planner.cpp.obj
                0x0800c98e                MotionPlanner::TrajectoryTracker::Init(long)
 .text._ZN13MotionPlanner12AttachConfigEPNS_8Config_tE
                0x0800c9a4       0x2a CMakeFiles/STM32F303_fw.elf.dir/Users/Xdrive/Motor/motion_planner.cpp.obj
                0x0800c9a4                MotionPlanner::AttachConfig(MotionPlanner::Config_t*)
 .text._ZN5Motor13AttachEncoderEP11EncoderBase
                0x0800c9ce        0x6 CMakeFiles/STM32F303_fw.elf.dir/Users/Xdrive/Motor/motor.cpp.obj
                0x0800c9ce                Motor::AttachEncoder(EncoderBase*)
 .text._ZN5Motor12AttachDriverEP10DriverBase
                0x0800c9d4        0x6 CMakeFiles/STM32F303_fw.elf.dir/Users/Xdrive/Motor/motor.cpp.obj
                0x0800c9d4                Motor::AttachDriver(DriverBase*)
 .text._ZN5Motor10Controller19CalcCurrentToOutputEl
                0x0800c9da       0x3c CMakeFiles/STM32F303_fw.elf.dir/Users/Xdrive/Motor/motor.cpp.obj
                0x0800c9da                Motor::Controller::CalcCurrentToOutput(long)
 *fill*         0x0800ca16        0x2 
 .text._ZN5Motor10Controller15CalcPidToOutputEl
                0x0800ca18       0xc8 CMakeFiles/STM32F303_fw.elf.dir/Users/Xdrive/Motor/motor.cpp.obj
                0x0800ca18                Motor::Controller::CalcPidToOutput(long)
 .text._ZN5Motor10Controller15CalcDceToOutputEll
                0x0800cae0       0xf4 CMakeFiles/STM32F303_fw.elf.dir/Users/Xdrive/Motor/motor.cpp.obj
                0x0800cae0                Motor::Controller::CalcDceToOutput(long, long)
 .text._ZN5Motor10Controller11SetCtrlModeENS_6Mode_tE
                0x0800cbd4        0x4 CMakeFiles/STM32F303_fw.elf.dir/Users/Xdrive/Motor/motor.cpp.obj
                0x0800cbd4                Motor::Controller::SetCtrlMode(Motor::Mode_t)
 .text._ZN5Motor10Controller19SetPositionSetPointEl
                0x0800cbd8        0xa CMakeFiles/STM32F303_fw.elf.dir/Users/Xdrive/Motor/motor.cpp.obj
                0x0800cbd8                Motor::Controller::SetPositionSetPoint(long)
 *fill*         0x0800cbe2        0x2 
 .text._ZN5Motor10Controller27SetPositionSetPointWithTimeElf
                0x0800cbe4       0xbc CMakeFiles/STM32F303_fw.elf.dir/Users/Xdrive/Motor/motor.cpp.obj
                0x0800cbe4                Motor::Controller::SetPositionSetPointWithTime(long, float)
 .text._ZN5Motor10Controller19SetVelocitySetPointEl
                0x0800cca0       0x12 CMakeFiles/STM32F303_fw.elf.dir/Users/Xdrive/Motor/motor.cpp.obj
                0x0800cca0                Motor::Controller::SetVelocitySetPoint(long)
 .text._ZN5Motor10Controller11GetPositionEb
                0x0800ccb2       0x40 CMakeFiles/STM32F303_fw.elf.dir/Users/Xdrive/Motor/motor.cpp.obj
                0x0800ccb2                Motor::Controller::GetPosition(bool)
 .text._ZN5Motor10Controller11GetVelocityEv
                0x0800ccf2       0x1e CMakeFiles/STM32F303_fw.elf.dir/Users/Xdrive/Motor/motor.cpp.obj
                0x0800ccf2                Motor::Controller::GetVelocity()
 .text._ZN5Motor10Controller13GetFocCurrentEv
                0x0800cd10       0x14 CMakeFiles/STM32F303_fw.elf.dir/Users/Xdrive/Motor/motor.cpp.obj
                0x0800cd10                Motor::Controller::GetFocCurrent()
 .text._ZN5Motor10Controller18SetCurrentSetPointEl
                0x0800cd24       0x1a CMakeFiles/STM32F303_fw.elf.dir/Users/Xdrive/Motor/motor.cpp.obj
                0x0800cd24                Motor::Controller::SetCurrentSetPoint(long)
 .text._ZN5Motor10Controller14ClearStallFlagEv
                0x0800cd3e        0x8 CMakeFiles/STM32F303_fw.elf.dir/Users/Xdrive/Motor/motor.cpp.obj
                0x0800cd3e                Motor::Controller::ClearStallFlag()
 *fill*         0x0800cd46        0x2 
 .text._ZN5Motor10Controller23CompensateAdvancedAngleEl
                0x0800cd48       0xe4 CMakeFiles/STM32F303_fw.elf.dir/Users/Xdrive/Motor/motor.cpp.obj
                0x0800cd48                Motor::Controller::CompensateAdvancedAngle(long)
 .text._ZN5Motor10Controller4InitEv
                0x0800ce2c       0xa4 CMakeFiles/STM32F303_fw.elf.dir/Users/Xdrive/Motor/motor.cpp.obj
                0x0800ce2c                Motor::Controller::Init()
 .text._ZN5Motor10Controller20ApplyPosAsHomeOffsetEv
                0x0800ced0       0x12 CMakeFiles/STM32F303_fw.elf.dir/Users/Xdrive/Motor/motor.cpp.obj
                0x0800ced0                Motor::Controller::ApplyPosAsHomeOffset()
 .text._ZN5Motor10Controller12AttachConfigEPNS0_8Config_tE
                0x0800cee2        0x4 CMakeFiles/STM32F303_fw.elf.dir/Users/Xdrive/Motor/motor.cpp.obj
                0x0800cee2                Motor::Controller::AttachConfig(Motor::Controller::Config_t*)
 .text._ZNK5Motor10Controller13ClearIntegralEv
                0x0800cee6       0x1c CMakeFiles/STM32F303_fw.elf.dir/Users/Xdrive/Motor/motor.cpp.obj
                0x0800cee6                Motor::Controller::ClearIntegral() const
 *fill*         0x0800cf02        0x2 
 .text._ZN5Motor20CloseLoopControlTickEv
                0x0800cf04      0x548 CMakeFiles/STM32F303_fw.elf.dir/Users/Xdrive/Motor/motor.cpp.obj
                0x0800cf04                Motor::CloseLoopControlTick()
 .text._ZN5Motor9Tick20kHzEv
                0x0800d44c       0x16 CMakeFiles/STM32F303_fw.elf.dir/Users/Xdrive/Motor/motor.cpp.obj
                0x0800d44c                Motor::Tick20kHz()
 *fill*         0x0800d462        0x2 
 .text._Z14OnButton1EventN10ButtonBase5EventE
                0x0800d464       0x1c CMakeFiles/STM32F303_fw.elf.dir/Users/selfmain.cpp.obj
                0x0800d464                OnButton1Event(ButtonBase::Event)
 .text._ZN5MotorC2Ev
                0x0800d480      0x18c CMakeFiles/STM32F303_fw.elf.dir/Users/selfmain.cpp.obj
                0x0800d480                Motor::Motor()
                0x0800d480                Motor::Motor()
 .text._Z41__static_initialization_and_destruction_0ii
                0x0800d60c      0x110 CMakeFiles/STM32F303_fw.elf.dir/Users/selfmain.cpp.obj
 .text.SelfMain
                0x0800d71c      0x148 CMakeFiles/STM32F303_fw.elf.dir/Users/selfmain.cpp.obj
                0x0800d71c                SelfMain
 .text.HAL_TIM_PeriodElapsedCallback
                0x0800d864       0x48 CMakeFiles/STM32F303_fw.elf.dir/Users/selfmain.cpp.obj
                0x0800d864                HAL_TIM_PeriodElapsedCallback
 .text._GLOBAL__sub_I_boardConfig
                0x0800d8ac        0xe CMakeFiles/STM32F303_fw.elf.dir/Users/selfmain.cpp.obj
 *fill*         0x0800d8ba        0x2 
 .text._ZNK10__cxxabiv117__class_type_info11__do_upcastEPKS0_PPv
                0x0800d8bc       0x34 s:/gcc-arm-none-eabi/gcc-arm-none-eabi-10.3-2021.10/bin/../lib/gcc/arm-none-eabi/10.3.1/../../../../arm-none-eabi/lib/thumb/v7e-m/nofp\libstdc++.a(class_type_info.o)
                0x0800d8bc                __cxxabiv1::__class_type_info::__do_upcast(__cxxabiv1::__class_type_info const*, void**) const
 .text._ZNK10__cxxabiv117__class_type_info20__do_find_public_srcEiPKvPKS0_S2_
                0x0800d8f0        0xc s:/gcc-arm-none-eabi/gcc-arm-none-eabi-10.3-2021.10/bin/../lib/gcc/arm-none-eabi/10.3.1/../../../../arm-none-eabi/lib/thumb/v7e-m/nofp\libstdc++.a(class_type_info.o)
                0x0800d8f0                __cxxabiv1::__class_type_info::__do_find_public_src(int, void const*, __cxxabiv1::__class_type_info const*, void const*) const
 .text._ZN10__cxxabiv117__class_type_infoD2Ev
                0x0800d8fc       0x14 s:/gcc-arm-none-eabi/gcc-arm-none-eabi-10.3-2021.10/bin/../lib/gcc/arm-none-eabi/10.3.1/../../../../arm-none-eabi/lib/thumb/v7e-m/nofp\libstdc++.a(class_type_info.o)
                0x0800d8fc                __cxxabiv1::__class_type_info::~__class_type_info()
                0x0800d8fc                __cxxabiv1::__class_type_info::~__class_type_info()
 .text._ZN10__cxxabiv117__class_type_infoD0Ev
                0x0800d910       0x1c s:/gcc-arm-none-eabi/gcc-arm-none-eabi-10.3-2021.10/bin/../lib/gcc/arm-none-eabi/10.3.1/../../../../arm-none-eabi/lib/thumb/v7e-m/nofp\libstdc++.a(class_type_info.o)
                0x0800d910                __cxxabiv1::__class_type_info::~__class_type_info()
 .text._ZNK10__cxxabiv117__class_type_info12__do_dyncastEiNS0_10__sub_kindEPKS0_PKvS3_S5_RNS0_16__dyncast_resultE
                0x0800d92c       0x44 s:/gcc-arm-none-eabi/gcc-arm-none-eabi-10.3-2021.10/bin/../lib/gcc/arm-none-eabi/10.3.1/../../../../arm-none-eabi/lib/thumb/v7e-m/nofp\libstdc++.a(class_type_info.o)
                0x0800d92c                __cxxabiv1::__class_type_info::__do_dyncast(int, __cxxabiv1::__class_type_info::__sub_kind, __cxxabiv1::__class_type_info const*, void const*, __cxxabiv1::__class_type_info const*, void const*, __cxxabiv1::__class_type_info::__dyncast_result&) const
 .text._ZNK10__cxxabiv117__class_type_info11__do_upcastEPKS0_PKvRNS0_15__upcast_resultE
                0x0800d970       0x1c s:/gcc-arm-none-eabi/gcc-arm-none-eabi-10.3-2021.10/bin/../lib/gcc/arm-none-eabi/10.3.1/../../../../arm-none-eabi/lib/thumb/v7e-m/nofp\libstdc++.a(class_type_info.o)
                0x0800d970                __cxxabiv1::__class_type_info::__do_upcast(__cxxabiv1::__class_type_info const*, void const*, __cxxabiv1::__class_type_info::__upcast_result&) const
 .text._ZNK10__cxxabiv117__class_type_info10__do_catchEPKSt9type_infoPPvj
                0x0800d98c       0x2c s:/gcc-arm-none-eabi/gcc-arm-none-eabi-10.3-2021.10/bin/../lib/gcc/arm-none-eabi/10.3.1/../../../../arm-none-eabi/lib/thumb/v7e-m/nofp\libstdc++.a(class_type_info.o)
                0x0800d98c                __cxxabiv1::__class_type_info::__do_catch(std::type_info const*, void**, unsigned int) const
 .text._ZdlPvj  0x0800d9b8        0x4 s:/gcc-arm-none-eabi/gcc-arm-none-eabi-10.3-2021.10/bin/../lib/gcc/arm-none-eabi/10.3.1/../../../../arm-none-eabi/lib/thumb/v7e-m/nofp\libstdc++.a(del_ops.o)
                0x0800d9b8                operator delete(void*, unsigned int)
 .text.__cxa_pure_virtual
                0x0800d9bc       0x14 s:/gcc-arm-none-eabi/gcc-arm-none-eabi-10.3-2021.10/bin/../lib/gcc/arm-none-eabi/10.3.1/../../../../arm-none-eabi/lib/thumb/v7e-m/nofp\libstdc++.a(pure.o)
                0x0800d9bc                __cxa_pure_virtual
 .text._ZN10__cxxabiv120__si_class_type_infoD2Ev
                0x0800d9d0       0x14 s:/gcc-arm-none-eabi/gcc-arm-none-eabi-10.3-2021.10/bin/../lib/gcc/arm-none-eabi/10.3.1/../../../../arm-none-eabi/lib/thumb/v7e-m/nofp\libstdc++.a(si_class_type_info.o)
                0x0800d9d0                __cxxabiv1::__si_class_type_info::~__si_class_type_info()
                0x0800d9d0                __cxxabiv1::__si_class_type_info::~__si_class_type_info()
 .text._ZN10__cxxabiv120__si_class_type_infoD0Ev
                0x0800d9e4       0x1c s:/gcc-arm-none-eabi/gcc-arm-none-eabi-10.3-2021.10/bin/../lib/gcc/arm-none-eabi/10.3.1/../../../../arm-none-eabi/lib/thumb/v7e-m/nofp\libstdc++.a(si_class_type_info.o)
                0x0800d9e4                __cxxabiv1::__si_class_type_info::~__si_class_type_info()
 .text._ZNK10__cxxabiv120__si_class_type_info20__do_find_public_srcEiPKvPKNS_17__class_type_infoES2_
                0x0800da00       0x3c s:/gcc-arm-none-eabi/gcc-arm-none-eabi-10.3-2021.10/bin/../lib/gcc/arm-none-eabi/10.3.1/../../../../arm-none-eabi/lib/thumb/v7e-m/nofp\libstdc++.a(si_class_type_info.o)
                0x0800da00                __cxxabiv1::__si_class_type_info::__do_find_public_src(int, void const*, __cxxabiv1::__class_type_info const*, void const*) const
 .text._ZNK10__cxxabiv120__si_class_type_info12__do_dyncastEiNS_17__class_type_info10__sub_kindEPKS1_PKvS4_S6_RNS1_16__dyncast_resultE
                0x0800da3c       0x84 s:/gcc-arm-none-eabi/gcc-arm-none-eabi-10.3-2021.10/bin/../lib/gcc/arm-none-eabi/10.3.1/../../../../arm-none-eabi/lib/thumb/v7e-m/nofp\libstdc++.a(si_class_type_info.o)
                0x0800da3c                __cxxabiv1::__si_class_type_info::__do_dyncast(int, __cxxabiv1::__class_type_info::__sub_kind, __cxxabiv1::__class_type_info const*, void const*, __cxxabiv1::__class_type_info const*, void const*, __cxxabiv1::__class_type_info::__dyncast_result&) const
 .text._ZNK10__cxxabiv120__si_class_type_info11__do_upcastEPKNS_17__class_type_infoEPKvRNS1_15__upcast_resultE
                0x0800dac0       0x2c s:/gcc-arm-none-eabi/gcc-arm-none-eabi-10.3-2021.10/bin/../lib/gcc/arm-none-eabi/10.3.1/../../../../arm-none-eabi/lib/thumb/v7e-m/nofp\libstdc++.a(si_class_type_info.o)
                0x0800dac0                __cxxabiv1::__si_class_type_info::__do_upcast(__cxxabiv1::__class_type_info const*, void const*, __cxxabiv1::__class_type_info::__upcast_result&) const
 .text._ZNSt9type_infoD2Ev
                0x0800daec        0x4 s:/gcc-arm-none-eabi/gcc-arm-none-eabi-10.3-2021.10/bin/../lib/gcc/arm-none-eabi/10.3.1/../../../../arm-none-eabi/lib/thumb/v7e-m/nofp\libstdc++.a(tinfo.o)
                0x0800daec                std::type_info::~type_info()
                0x0800daec                std::type_info::~type_info()
 .text._ZNKSt9type_info14__is_pointer_pEv
                0x0800daf0        0x4 s:/gcc-arm-none-eabi/gcc-arm-none-eabi-10.3-2021.10/bin/../lib/gcc/arm-none-eabi/10.3.1/../../../../arm-none-eabi/lib/thumb/v7e-m/nofp\libstdc++.a(tinfo.o)
                0x0800daf0                std::type_info::__is_pointer_p() const
                0x0800daf0                std::type_info::__is_function_p() const
 .text._ZNKSt9type_infoeqERKS_
                0x0800daf4       0x2c s:/gcc-arm-none-eabi/gcc-arm-none-eabi-10.3-2021.10/bin/../lib/gcc/arm-none-eabi/10.3.1/../../../../arm-none-eabi/lib/thumb/v7e-m/nofp\libstdc++.a(tinfo.o)
                0x0800daf4                std::type_info::operator==(std::type_info const&) const
 .text._ZdlPv   0x0800db20        0x4 s:/gcc-arm-none-eabi/gcc-arm-none-eabi-10.3-2021.10/bin/../lib/gcc/arm-none-eabi/10.3.1/../../../../arm-none-eabi/lib/thumb/v7e-m/nofp\libstdc++.a(del_op.o)
                0x0800db20                operator delete(void*)
 .text._ZN10__cxxabiv111__terminateEPFvvE
                0x0800db24       0x28 s:/gcc-arm-none-eabi/gcc-arm-none-eabi-10.3-2021.10/bin/../lib/gcc/arm-none-eabi/10.3.1/../../../../arm-none-eabi/lib/thumb/v7e-m/nofp\libstdc++.a(eh_terminate.o)
                0x0800db24                __cxxabiv1::__terminate(void (*)())
 .text._ZSt9terminatev
                0x0800db4c       0x14 s:/gcc-arm-none-eabi/gcc-arm-none-eabi-10.3-2021.10/bin/../lib/gcc/arm-none-eabi/10.3.1/../../../../arm-none-eabi/lib/thumb/v7e-m/nofp\libstdc++.a(eh_terminate.o)
                0x0800db4c                std::terminate()
 .text._ZN10__cxxabiv112__unexpectedEPFvvE
                0x0800db60        0x8 s:/gcc-arm-none-eabi/gcc-arm-none-eabi-10.3-2021.10/bin/../lib/gcc/arm-none-eabi/10.3.1/../../../../arm-none-eabi/lib/thumb/v7e-m/nofp\libstdc++.a(eh_terminate.o)
                0x0800db60                __cxxabiv1::__unexpected(void (*)())
 .text._ZSt10unexpectedv
                0x0800db68       0x14 s:/gcc-arm-none-eabi/gcc-arm-none-eabi-10.3-2021.10/bin/../lib/gcc/arm-none-eabi/10.3.1/../../../../arm-none-eabi/lib/thumb/v7e-m/nofp\libstdc++.a(eh_terminate.o)
                0x0800db68                std::unexpected()
 .text._ZSt13get_terminatev
                0x0800db7c       0x10 s:/gcc-arm-none-eabi/gcc-arm-none-eabi-10.3-2021.10/bin/../lib/gcc/arm-none-eabi/10.3.1/../../../../arm-none-eabi/lib/thumb/v7e-m/nofp\libstdc++.a(eh_terminate.o)
                0x0800db7c                std::get_terminate()
 .text._ZSt14get_unexpectedv
                0x0800db8c       0x10 s:/gcc-arm-none-eabi/gcc-arm-none-eabi-10.3-2021.10/bin/../lib/gcc/arm-none-eabi/10.3.1/../../../../arm-none-eabi/lib/thumb/v7e-m/nofp\libstdc++.a(eh_terminate.o)
                0x0800db8c                std::get_unexpected()
 .text._ZN9__gnu_cxx27__verbose_terminate_handlerEv
                0x0800db9c      0x10c s:/gcc-arm-none-eabi/gcc-arm-none-eabi-10.3-2021.10/bin/../lib/gcc/arm-none-eabi/10.3.1/../../../../arm-none-eabi/lib/thumb/v7e-m/nofp\libstdc++.a(vterminate.o)
                0x0800db9c                __gnu_cxx::__verbose_terminate_handler()
 .text.__cxa_end_cleanup
                0x0800dca8        0xc s:/gcc-arm-none-eabi/gcc-arm-none-eabi-10.3-2021.10/bin/../lib/gcc/arm-none-eabi/10.3.1/../../../../arm-none-eabi/lib/thumb/v7e-m/nofp\libstdc++.a(eh_arm.o)
                0x0800dca8                __cxa_end_cleanup
 .text.__cxa_type_match
                0x0800dcb4       0xb4 s:/gcc-arm-none-eabi/gcc-arm-none-eabi-10.3-2021.10/bin/../lib/gcc/arm-none-eabi/10.3.1/../../../../arm-none-eabi/lib/thumb/v7e-m/nofp\libstdc++.a(eh_arm.o)
                0x0800dcb4                __cxa_type_match
 .text.__cxa_begin_cleanup
                0x0800dd68       0x64 s:/gcc-arm-none-eabi/gcc-arm-none-eabi-10.3-2021.10/bin/../lib/gcc/arm-none-eabi/10.3.1/../../../../arm-none-eabi/lib/thumb/v7e-m/nofp\libstdc++.a(eh_arm.o)
                0x0800dd68                __cxa_begin_cleanup
 .text.__gnu_end_cleanup
                0x0800ddcc       0x70 s:/gcc-arm-none-eabi/gcc-arm-none-eabi-10.3-2021.10/bin/../lib/gcc/arm-none-eabi/10.3.1/../../../../arm-none-eabi/lib/thumb/v7e-m/nofp\libstdc++.a(eh_arm.o)
                0x0800ddcc                __gnu_end_cleanup
 .text._ZN10__cxxabiv1L24__is_gxx_exception_classEPc
                0x0800de3c       0x3c s:/gcc-arm-none-eabi/gcc-arm-none-eabi-10.3-2021.10/bin/../lib/gcc/arm-none-eabi/10.3.1/../../../../arm-none-eabi/lib/thumb/v7e-m/nofp\libstdc++.a(eh_call.o)
 .text.__cxa_call_terminate
                0x0800de78       0x20 s:/gcc-arm-none-eabi/gcc-arm-none-eabi-10.3-2021.10/bin/../lib/gcc/arm-none-eabi/10.3.1/../../../../arm-none-eabi/lib/thumb/v7e-m/nofp\libstdc++.a(eh_call.o)
                0x0800de78                __cxa_call_terminate
 .text.unlikely.__cxa_call_unexpected
                0x0800de98       0xe4 s:/gcc-arm-none-eabi/gcc-arm-none-eabi-10.3-2021.10/bin/../lib/gcc/arm-none-eabi/10.3.1/../../../../arm-none-eabi/lib/thumb/v7e-m/nofp\libstdc++.a(eh_call.o)
                0x0800de98                __cxa_call_unexpected
 .text.__cxa_begin_catch
                0x0800df7c       0x7c s:/gcc-arm-none-eabi/gcc-arm-none-eabi-10.3-2021.10/bin/../lib/gcc/arm-none-eabi/10.3.1/../../../../arm-none-eabi/lib/thumb/v7e-m/nofp\libstdc++.a(eh_catch.o)
                0x0800df7c                __cxa_begin_catch
 .text.__cxa_end_catch
                0x0800dff8       0x8c s:/gcc-arm-none-eabi/gcc-arm-none-eabi-10.3-2021.10/bin/../lib/gcc/arm-none-eabi/10.3.1/../../../../arm-none-eabi/lib/thumb/v7e-m/nofp\libstdc++.a(eh_catch.o)
                0x0800dff8                __cxa_end_catch
 .text._ZNSt13bad_exceptionD2Ev
                0x0800e084        0x4 s:/gcc-arm-none-eabi/gcc-arm-none-eabi-10.3-2021.10/bin/../lib/gcc/arm-none-eabi/10.3.1/../../../../arm-none-eabi/lib/thumb/v7e-m/nofp\libstdc++.a(eh_exception.o)
                0x0800e084                std::bad_exception::~bad_exception()
                0x0800e084                std::bad_exception::~bad_exception()
 .text._ZNKSt13bad_exception4whatEv
                0x0800e088        0x8 s:/gcc-arm-none-eabi/gcc-arm-none-eabi-10.3-2021.10/bin/../lib/gcc/arm-none-eabi/10.3.1/../../../../arm-none-eabi/lib/thumb/v7e-m/nofp\libstdc++.a(eh_exception.o)
                0x0800e088                std::bad_exception::what() const
                0x0800e088                transaction clone for std::bad_exception::what() const
 .text._ZNSt13bad_exceptionD0Ev
                0x0800e090       0x10 s:/gcc-arm-none-eabi/gcc-arm-none-eabi-10.3-2021.10/bin/../lib/gcc/arm-none-eabi/10.3.1/../../../../arm-none-eabi/lib/thumb/v7e-m/nofp\libstdc++.a(eh_exception.o)
                0x0800e090                std::bad_exception::~bad_exception()
 .text.__cxa_get_globals_fast
                0x0800e0a0        0x8 s:/gcc-arm-none-eabi/gcc-arm-none-eabi-10.3-2021.10/bin/../lib/gcc/arm-none-eabi/10.3.1/../../../../arm-none-eabi/lib/thumb/v7e-m/nofp\libstdc++.a(eh_globals.o)
                0x0800e0a0                __cxa_get_globals_fast
 .text.__cxa_get_globals
                0x0800e0a8        0x8 s:/gcc-arm-none-eabi/gcc-arm-none-eabi-10.3-2021.10/bin/../lib/gcc/arm-none-eabi/10.3.1/../../../../arm-none-eabi/lib/thumb/v7e-m/nofp\libstdc++.a(eh_globals.o)
                0x0800e0a8                __cxa_get_globals
 .text._ZL28read_encoded_value_with_basehjPKhPj
                0x0800e0b0       0xc0 s:/gcc-arm-none-eabi/gcc-arm-none-eabi-10.3-2021.10/bin/../lib/gcc/arm-none-eabi/10.3.1/../../../../arm-none-eabi/lib/thumb/v7e-m/nofp\libstdc++.a(eh_personality.o)
 .text._ZL21base_of_encoded_valuehP15_Unwind_Context
                0x0800e170       0x48 s:/gcc-arm-none-eabi/gcc-arm-none-eabi-10.3-2021.10/bin/../lib/gcc/arm-none-eabi/10.3.1/../../../../arm-none-eabi/lib/thumb/v7e-m/nofp\libstdc++.a(eh_personality.o)
 .text._ZL17parse_lsda_headerP15_Unwind_ContextPKhP16lsda_header_info
                0x0800e1b8       0x94 s:/gcc-arm-none-eabi/gcc-arm-none-eabi-10.3-2021.10/bin/../lib/gcc/arm-none-eabi/10.3.1/../../../../arm-none-eabi/lib/thumb/v7e-m/nofp\libstdc++.a(eh_personality.o)
 .text.__gxx_personality_v0
                0x0800e24c      0x4a8 s:/gcc-arm-none-eabi/gcc-arm-none-eabi-10.3-2021.10/bin/../lib/gcc/arm-none-eabi/10.3.1/../../../../arm-none-eabi/lib/thumb/v7e-m/nofp\libstdc++.a(eh_personality.o)
                0x0800e24c                __gxx_personality_v0
 .text._ZL23__gxx_exception_cleanup19_Unwind_Reason_CodeP21_Unwind_Control_Block
                0x0800e6f4       0x44 s:/gcc-arm-none-eabi/gcc-arm-none-eabi-10.3-2021.10/bin/../lib/gcc/arm-none-eabi/10.3.1/../../../../arm-none-eabi/lib/thumb/v7e-m/nofp\libstdc++.a(eh_throw.o)
 .text.__cxa_init_primary_exception
                0x0800e738       0x58 s:/gcc-arm-none-eabi/gcc-arm-none-eabi-10.3-2021.10/bin/../lib/gcc/arm-none-eabi/10.3.1/../../../../arm-none-eabi/lib/thumb/v7e-m/nofp\libstdc++.a(eh_throw.o)
                0x0800e738                __cxa_init_primary_exception
 .text.__cxa_throw
                0x0800e790       0x34 s:/gcc-arm-none-eabi/gcc-arm-none-eabi-10.3-2021.10/bin/../lib/gcc/arm-none-eabi/10.3.1/../../../../arm-none-eabi/lib/thumb/v7e-m/nofp\libstdc++.a(eh_throw.o)
                0x0800e790                __cxa_throw
 .text.__cxa_rethrow
                0x0800e7c4       0x70 s:/gcc-arm-none-eabi/gcc-arm-none-eabi-10.3-2021.10/bin/../lib/gcc/arm-none-eabi/10.3.1/../../../../arm-none-eabi/lib/thumb/v7e-m/nofp\libstdc++.a(eh_throw.o)
                0x0800e7c4                __cxa_rethrow
 .text.__cxa_current_exception_type
                0x0800e834       0x1c s:/gcc-arm-none-eabi/gcc-arm-none-eabi-10.3-2021.10/bin/../lib/gcc/arm-none-eabi/10.3.1/../../../../arm-none-eabi/lib/thumb/v7e-m/nofp\libstdc++.a(eh_type.o)
                0x0800e834                __cxa_current_exception_type
 .text._ZN12_GLOBAL__N_14pool4freeEPv.constprop.0
                0x0800e850       0x88 s:/gcc-arm-none-eabi/gcc-arm-none-eabi-10.3-2021.10/bin/../lib/gcc/arm-none-eabi/10.3.1/../../../../arm-none-eabi/lib/thumb/v7e-m/nofp\libstdc++.a(eh_alloc.o)
 .text._ZN12_GLOBAL__N_14pool8allocateEj.constprop.0
                0x0800e8d8       0x5c s:/gcc-arm-none-eabi/gcc-arm-none-eabi-10.3-2021.10/bin/../lib/gcc/arm-none-eabi/10.3.1/../../../../arm-none-eabi/lib/thumb/v7e-m/nofp\libstdc++.a(eh_alloc.o)
 .text.__cxa_allocate_exception
                0x0800e934       0x30 s:/gcc-arm-none-eabi/gcc-arm-none-eabi-10.3-2021.10/bin/../lib/gcc/arm-none-eabi/10.3.1/../../../../arm-none-eabi/lib/thumb/v7e-m/nofp\libstdc++.a(eh_alloc.o)
                0x0800e934                __cxa_allocate_exception
 .text.__cxa_free_exception
                0x0800e964       0x20 s:/gcc-arm-none-eabi/gcc-arm-none-eabi-10.3-2021.10/bin/../lib/gcc/arm-none-eabi/10.3.1/../../../../arm-none-eabi/lib/thumb/v7e-m/nofp\libstdc++.a(eh_alloc.o)
                0x0800e964                __cxa_free_exception
 .text.startup._GLOBAL__sub_I__ZN9__gnu_cxx9__freeresEv
                0x0800e984       0x28 s:/gcc-arm-none-eabi/gcc-arm-none-eabi-10.3-2021.10/bin/../lib/gcc/arm-none-eabi/10.3.1/../../../../arm-none-eabi/lib/thumb/v7e-m/nofp\libstdc++.a(eh_alloc.o)
 .text.sqrtf    0x0800e9ac       0x38 s:/gcc-arm-none-eabi/gcc-arm-none-eabi-10.3-2021.10/bin/../lib/gcc/arm-none-eabi/10.3.1/../../../../arm-none-eabi/lib/thumb/v7e-m/nofp\libm.a(lib_a-wf_sqrt.o)
                0x0800e9ac                sqrtf
 .text.__ieee754_sqrtf
                0x0800e9e4       0xb0 s:/gcc-arm-none-eabi/gcc-arm-none-eabi-10.3-2021.10/bin/../lib/gcc/arm-none-eabi/10.3.1/../../../../arm-none-eabi/lib/thumb/v7e-m/nofp\libm.a(lib_a-ef_sqrt.o)
                0x0800e9e4                __ieee754_sqrtf
 .text.unlikely
                0x0800ea94        0xc s:/gcc-arm-none-eabi/gcc-arm-none-eabi-10.3-2021.10/bin/../lib/gcc/arm-none-eabi/10.3.1/thumb/v7e-m/nofp\libgcc.a(pr-support.o)
                0x0800ea94                _Unwind_GetDataRelBase
                0x0800ea9a                _Unwind_GetTextRelBase
 .text.abort    0x0800eaa0       0x10 s:/gcc-arm-none-eabi/gcc-arm-none-eabi-10.3-2021.10/bin/../lib/gcc/arm-none-eabi/10.3.1/../../../../arm-none-eabi/lib/thumb/v7e-m/nofp\libg.a(lib_a-abort.o)
                0x0800eaa0                abort
 .text.__errno  0x0800eab0        0xc s:/gcc-arm-none-eabi/gcc-arm-none-eabi-10.3-2021.10/bin/../lib/gcc/arm-none-eabi/10.3.1/../../../../arm-none-eabi/lib/thumb/v7e-m/nofp\libg.a(lib_a-errno.o)
                0x0800eab0                __errno
 .text.fputc    0x0800eabc       0x58 s:/gcc-arm-none-eabi/gcc-arm-none-eabi-10.3-2021.10/bin/../lib/gcc/arm-none-eabi/10.3.1/../../../../arm-none-eabi/lib/thumb/v7e-m/nofp\libg.a(lib_a-fputc.o)
                0x0800eabc                fputc
 .text._fputs_r
                0x0800eb14       0x88 s:/gcc-arm-none-eabi/gcc-arm-none-eabi-10.3-2021.10/bin/../lib/gcc/arm-none-eabi/10.3.1/../../../../arm-none-eabi/lib/thumb/v7e-m/nofp\libg.a(lib_a-fputs.o)
                0x0800eb14                _fputs_r
 .text.fputs    0x0800eb9c       0x18 s:/gcc-arm-none-eabi/gcc-arm-none-eabi-10.3-2021.10/bin/../lib/gcc/arm-none-eabi/10.3.1/../../../../arm-none-eabi/lib/thumb/v7e-m/nofp\libg.a(lib_a-fputs.o)
                0x0800eb9c                fputs
 .text.__sfvwrite_r
                0x0800ebb4      0x2e8 s:/gcc-arm-none-eabi/gcc-arm-none-eabi-10.3-2021.10/bin/../lib/gcc/arm-none-eabi/10.3.1/../../../../arm-none-eabi/lib/thumb/v7e-m/nofp\libg.a(lib_a-fvwrite.o)
                0x0800ebb4                __sfvwrite_r
 .text._fwrite_r
                0x0800ee9c       0xa8 s:/gcc-arm-none-eabi/gcc-arm-none-eabi-10.3-2021.10/bin/../lib/gcc/arm-none-eabi/10.3.1/../../../../arm-none-eabi/lib/thumb/v7e-m/nofp\libg.a(lib_a-fwrite.o)
                0x0800ee9c                _fwrite_r
 .text.fwrite   0x0800ef44       0x20 s:/gcc-arm-none-eabi/gcc-arm-none-eabi-10.3-2021.10/bin/../lib/gcc/arm-none-eabi/10.3.1/../../../../arm-none-eabi/lib/thumb/v7e-m/nofp\libg.a(lib_a-fwrite.o)
                0x0800ef44                fwrite
 .text.__libc_init_array
                0x0800ef64       0x48 s:/gcc-arm-none-eabi/gcc-arm-none-eabi-10.3-2021.10/bin/../lib/gcc/arm-none-eabi/10.3.1/../../../../arm-none-eabi/lib/thumb/v7e-m/nofp\libg.a(lib_a-init.o)
                0x0800ef64                __libc_init_array
 .text.__retarget_lock_init_recursive
                0x0800efac        0x4 s:/gcc-arm-none-eabi/gcc-arm-none-eabi-10.3-2021.10/bin/../lib/gcc/arm-none-eabi/10.3.1/../../../../arm-none-eabi/lib/thumb/v7e-m/nofp\libg.a(lib_a-lock.o)
                0x0800efac                __retarget_lock_init_recursive
 .text.__retarget_lock_close_recursive
                0x0800efb0        0x4 s:/gcc-arm-none-eabi/gcc-arm-none-eabi-10.3-2021.10/bin/../lib/gcc/arm-none-eabi/10.3.1/../../../../arm-none-eabi/lib/thumb/v7e-m/nofp\libg.a(lib_a-lock.o)
                0x0800efb0                __retarget_lock_close_recursive
 .text.__retarget_lock_acquire_recursive
                0x0800efb4        0x4 s:/gcc-arm-none-eabi/gcc-arm-none-eabi-10.3-2021.10/bin/../lib/gcc/arm-none-eabi/10.3.1/../../../../arm-none-eabi/lib/thumb/v7e-m/nofp\libg.a(lib_a-lock.o)
                0x0800efb4                __retarget_lock_acquire_recursive
 .text.__retarget_lock_release_recursive
                0x0800efb8        0x4 s:/gcc-arm-none-eabi/gcc-arm-none-eabi-10.3-2021.10/bin/../lib/gcc/arm-none-eabi/10.3.1/../../../../arm-none-eabi/lib/thumb/v7e-m/nofp\libg.a(lib_a-lock.o)
                0x0800efb8                __retarget_lock_release_recursive
 .text.malloc   0x0800efbc       0x10 s:/gcc-arm-none-eabi/gcc-arm-none-eabi-10.3-2021.10/bin/../lib/gcc/arm-none-eabi/10.3.1/../../../../arm-none-eabi/lib/thumb/v7e-m/nofp\libg.a(lib_a-malloc.o)
                0x0800efbc                malloc
 .text.free     0x0800efcc       0x10 s:/gcc-arm-none-eabi/gcc-arm-none-eabi-10.3-2021.10/bin/../lib/gcc/arm-none-eabi/10.3.1/../../../../arm-none-eabi/lib/thumb/v7e-m/nofp\libg.a(lib_a-malloc.o)
                0x0800efcc                free
 .text._malloc_r
                0x0800efdc      0x560 s:/gcc-arm-none-eabi/gcc-arm-none-eabi-10.3-2021.10/bin/../lib/gcc/arm-none-eabi/10.3.1/../../../../arm-none-eabi/lib/thumb/v7e-m/nofp\libg.a(lib_a-mallocr.o)
                0x0800efdc                _malloc_r
 .text.memcmp   0x0800f53c       0x68 s:/gcc-arm-none-eabi/gcc-arm-none-eabi-10.3-2021.10/bin/../lib/gcc/arm-none-eabi/10.3.1/../../../../arm-none-eabi/lib/thumb/v7e-m/nofp\libg.a(lib_a-memcmp.o)
                0x0800f53c                memcmp
 .text.memmove  0x0800f5a4       0xf8 s:/gcc-arm-none-eabi/gcc-arm-none-eabi-10.3-2021.10/bin/../lib/gcc/arm-none-eabi/10.3.1/../../../../arm-none-eabi/lib/thumb/v7e-m/nofp\libg.a(lib_a-memmove.o)
                0x0800f5a4                memmove
 .text.memset   0x0800f69c       0xa4 s:/gcc-arm-none-eabi/gcc-arm-none-eabi-10.3-2021.10/bin/../lib/gcc/arm-none-eabi/10.3.1/../../../../arm-none-eabi/lib/thumb/v7e-m/nofp\libg.a(lib_a-memset.o)
                0x0800f69c                memset
 .text.__malloc_lock
                0x0800f740        0xc s:/gcc-arm-none-eabi/gcc-arm-none-eabi-10.3-2021.10/bin/../lib/gcc/arm-none-eabi/10.3.1/../../../../arm-none-eabi/lib/thumb/v7e-m/nofp\libg.a(lib_a-mlock.o)
                0x0800f740                __malloc_lock
 .text.__malloc_unlock
                0x0800f74c        0xc s:/gcc-arm-none-eabi/gcc-arm-none-eabi-10.3-2021.10/bin/../lib/gcc/arm-none-eabi/10.3.1/../../../../arm-none-eabi/lib/thumb/v7e-m/nofp\libg.a(lib_a-mlock.o)
                0x0800f74c                __malloc_unlock
 .text._putc_r  0x0800f758       0x74 s:/gcc-arm-none-eabi/gcc-arm-none-eabi-10.3-2021.10/bin/../lib/gcc/arm-none-eabi/10.3.1/../../../../arm-none-eabi/lib/thumb/v7e-m/nofp\libg.a(lib_a-putc.o)
                0x0800f758                _putc_r
 .text.realloc  0x0800f7cc       0x18 s:/gcc-arm-none-eabi/gcc-arm-none-eabi-10.3-2021.10/bin/../lib/gcc/arm-none-eabi/10.3.1/../../../../arm-none-eabi/lib/thumb/v7e-m/nofp\libg.a(lib_a-realloc.o)
                0x0800f7cc                realloc
 .text._realloc_r
                0x0800f7e4      0x3d8 s:/gcc-arm-none-eabi/gcc-arm-none-eabi-10.3-2021.10/bin/../lib/gcc/arm-none-eabi/10.3.1/../../../../arm-none-eabi/lib/thumb/v7e-m/nofp\libg.a(lib_a-reallocr.o)
                0x0800f7e4                _realloc_r
 .text._sbrk_r  0x0800fbbc       0x24 s:/gcc-arm-none-eabi/gcc-arm-none-eabi-10.3-2021.10/bin/../lib/gcc/arm-none-eabi/10.3.1/../../../../arm-none-eabi/lib/thumb/v7e-m/nofp\libg.a(lib_a-sbrkr.o)
                0x0800fbbc                _sbrk_r
 .text.raise    0x0800fbe0       0x5c s:/gcc-arm-none-eabi/gcc-arm-none-eabi-10.3-2021.10/bin/../lib/gcc/arm-none-eabi/10.3.1/../../../../arm-none-eabi/lib/thumb/v7e-m/nofp\libg.a(lib_a-signal.o)
                0x0800fbe0                raise
 .text._kill_r  0x0800fc3c       0x2c s:/gcc-arm-none-eabi/gcc-arm-none-eabi-10.3-2021.10/bin/../lib/gcc/arm-none-eabi/10.3.1/../../../../arm-none-eabi/lib/thumb/v7e-m/nofp\libg.a(lib_a-signalr.o)
                0x0800fc3c                _kill_r
 .text._getpid_r
                0x0800fc68        0x4 s:/gcc-arm-none-eabi/gcc-arm-none-eabi-10.3-2021.10/bin/../lib/gcc/arm-none-eabi/10.3.1/../../../../arm-none-eabi/lib/thumb/v7e-m/nofp\libg.a(lib_a-signalr.o)
                0x0800fc68                _getpid_r
 .text.sprintf  0x0800fc6c       0x40 s:/gcc-arm-none-eabi/gcc-arm-none-eabi-10.3-2021.10/bin/../lib/gcc/arm-none-eabi/10.3.1/../../../../arm-none-eabi/lib/thumb/v7e-m/nofp\libg.a(lib_a-sprintf.o)
                0x0800fc6c                sprintf
 .text.strncmp  0x0800fcac       0x80 s:/gcc-arm-none-eabi/gcc-arm-none-eabi-10.3-2021.10/bin/../lib/gcc/arm-none-eabi/10.3.1/../../../../arm-none-eabi/lib/thumb/v7e-m/nofp\libg.a(lib_a-strncmp.o)
                0x0800fcac                strncmp
 .text._svfprintf_r
                0x0800fd2c     0x1a3c s:/gcc-arm-none-eabi/gcc-arm-none-eabi-10.3-2021.10/bin/../lib/gcc/arm-none-eabi/10.3.1/../../../../arm-none-eabi/lib/thumb/v7e-m/nofp\libg.a(lib_a-svfprintf.o)
                0x0800fd2c                _svfprintf_r
 .text.write    0x08011768       0x18 s:/gcc-arm-none-eabi/gcc-arm-none-eabi-10.3-2021.10/bin/../lib/gcc/arm-none-eabi/10.3.1/../../../../arm-none-eabi/lib/thumb/v7e-m/nofp\libg.a(lib_a-syswrite.o)
                0x08011768                write
 .text.__swbuf_r
                0x08011780       0xb0 s:/gcc-arm-none-eabi/gcc-arm-none-eabi-10.3-2021.10/bin/../lib/gcc/arm-none-eabi/10.3.1/../../../../arm-none-eabi/lib/thumb/v7e-m/nofp\libg.a(lib_a-wbuf.o)
                0x08011780                __swbuf_r
 .text._write_r
                0x08011830       0x2c s:/gcc-arm-none-eabi/gcc-arm-none-eabi-10.3-2021.10/bin/../lib/gcc/arm-none-eabi/10.3.1/../../../../arm-none-eabi/lib/thumb/v7e-m/nofp\libg.a(lib_a-writer.o)
                0x08011830                _write_r
 .text.__swsetup_r
                0x0801185c       0xd4 s:/gcc-arm-none-eabi/gcc-arm-none-eabi-10.3-2021.10/bin/../lib/gcc/arm-none-eabi/10.3.1/../../../../arm-none-eabi/lib/thumb/v7e-m/nofp\libg.a(lib_a-wsetup.o)
                0x0801185c                __swsetup_r
 .text.startup.register_fini
                0x08011930       0x14 s:/gcc-arm-none-eabi/gcc-arm-none-eabi-10.3-2021.10/bin/../lib/gcc/arm-none-eabi/10.3.1/../../../../arm-none-eabi/lib/thumb/v7e-m/nofp\libg.a(lib_a-__call_atexit.o)
 .text.atexit   0x08011944        0xc s:/gcc-arm-none-eabi/gcc-arm-none-eabi-10.3-2021.10/bin/../lib/gcc/arm-none-eabi/10.3.1/../../../../arm-none-eabi/lib/thumb/v7e-m/nofp\libg.a(lib_a-atexit.o)
                0x08011944                atexit
 .text.quorem   0x08011950      0x124 s:/gcc-arm-none-eabi/gcc-arm-none-eabi-10.3-2021.10/bin/../lib/gcc/arm-none-eabi/10.3.1/../../../../arm-none-eabi/lib/thumb/v7e-m/nofp\libg.a(lib_a-dtoa.o)
 *fill*         0x08011a74        0x4 
 .text._dtoa_r  0x08011a78      0xec4 s:/gcc-arm-none-eabi/gcc-arm-none-eabi-10.3-2021.10/bin/../lib/gcc/arm-none-eabi/10.3.1/../../../../arm-none-eabi/lib/thumb/v7e-m/nofp\libg.a(lib_a-dtoa.o)
                0x08011a78                _dtoa_r
 .text.__sflush_r